============================================================
   Tang Dynasty, V6.2.168116
   Copyright (c) 2012-2025 Anlogic Inc.
   Executable = D:/Tools/Anlogic/TD_6.2/bin/run.exe
   Built at =   16:32:07 Jun 12 2025
   Run by =     zbrmyyds
   Run Date =   Fri Apr 24 18:15:43 2026

   Run on =     LAPTOP-ER898QR8
============================================================
RUN-1002 : start command "import_device eagle_s20.db -package EG4S20BG256"
RUN-1001 : Using default speed grade: NA
ARC-1001 : Device Initialization.
ARC-1001 : ------------------------------------------------------------------
ARC-1001 :            OPTION            |          IO          |   SETTING   
ARC-1001 : ------------------------------------------------------------------
ARC-1001 :   cso_b/cclk/mosi/miso/dout  |  T3/R11/T10/P10/S11  |    gpio    
ARC-1001 :             done             |         P13          |    gpio    
ARC-1001 :           program_b          |          T2          |  dedicate  
ARC-1001 :        tdi/tms/tck/tdo       |   C12/A15/C14/E14    |  dedicate  
ARC-1001 : ------------------------------------------------------------------
ARC-1004 : Device setting, marked 5 dedicate IOs in total.
RUN-1002 : start command "open_project HDMI1.4b_Transmitter_v1.0.prj -noanalyze"
RUN-1002 : start command "import_db ../syn_1/HDMI1.4b_Transmitter_v1.0_gate.db"
RUN-1001 : Importing database generated by Tang Dynasty, V6.2.168116.
RUN-1001 : Database version number 46207
RUN-1001 : Import flow parameters
RUN-1001 : Import netlist
RUN-1001 : Import timing constraints
RUN-1001 : Import IO constraints
RUN-1001 : Import Inst constraints
RUN-1001 : Import ChipWatcher
RUN-1001 : Import design success TD_VERSION=6.2.168116 , DB_VERSION=46207
RUN-1002 : start command "commit_param -step place"
RUN-1001 : Print Global Property
RUN-1001 : --------------------------------------------------------
RUN-1001 :   Parameters   |  Settings  |  Default Values  |  Note  
RUN-1001 : --------------------------------------------------------
RUN-1001 :   enable_seed  |    off     |       off        |        
RUN-1001 :     message    |  standard  |     standard     |        
RUN-1001 :   qor_monitor  |     on     |        on        |        
RUN-1001 :   syn_ip_flow  |    off     |       off        |        
RUN-1001 :     thread     |    auto    |       auto       |        
RUN-1001 : --------------------------------------------------------
RUN-1001 : Print Place Property
RUN-1001 : -----------------------------------------------------------
RUN-1001 :     Parameters    |  Settings  |  Default Values  |  Note  
RUN-1001 : -----------------------------------------------------------
RUN-1001 :       effort      |   medium   |      medium      |        
RUN-1001 :   hfn_opt_effort  |   medium   |      medium      |        
RUN-1001 :     max_fanout    |   999999   |      999999      |        
RUN-1001 :     opt_timing    |   medium   |      medium      |        
RUN-1001 :   post_place_opt  |    auto    |       auto       |        
RUN-1001 :    pr_strategy    |     1      |        1         |        
RUN-1001 :     relaxation    |    1.00    |       1.00       |        
RUN-1001 : -----------------------------------------------------------
RUN-1002 : start command "insert_debugger"
RUN-1002 : start command "place"
RUN-1001 : Open license file D:/Tools/Anlogic/TD_6.2/license/Anlogic.lic
PHY-3001 : Placer runs in 20 thread(s).
PHY-1001 : Stage 1 | Initialize Design
PHY-1001 : Stage 1.1 | Build Design
PHY-1001 : 2678 luts, 3732 seqs, 394 mslices, 210 lslices, 87 pads, 20 brams, 0 dsps
RUN-1002 : start command "legalize_phy_inst"
SYN-1011 : Flatten model top
PHY-1001 : Remove keep and sweep redundant instances ...
PHY-1001 : 2678 luts, 3732 seqs, 394 mslices, 210 lslices, 87 pads, 20 brams, 0 dsps
PHY-1001 : End Stage 1.1 | Build Design; Time: 0.019072s wall, 0.015625s user + 0.000000s system = 0.015625s CPU (81.9%); Memory(MB): used = 157, reserved = 157, peak = 157;

PHY-1001 : Stage 1.2 | Optimize Design
OPT-1001 : Stage 1.2.1 | Simplify Lut
OPT-1001 : End Stage 1.2.1 | Simplify Lut; Time: 0.004928s wall, 0.000000s user + 0.000000s system = 0.000000s CPU (n/a%); Memory(MB): used = 157, reserved = 157, peak = 157;

OPT-1001 : Stage 1.2.2 | Sweep
OPT-1001 : End Stage 1.2.2 | Sweep; Time: 0.001842s wall, 0.000000s user + 0.000000s system = 0.000000s CPU (n/a%); Memory(MB): used = 157, reserved = 157, peak = 157;

OPT-1001 : Stage 1.2.3 | Synthesize High-fanout Net
OPT-1001 : Current memory(MB): used = 157, reserved = 157, peak = 157.
OPT-1001 : End Stage 1.2.3 | Synthesize High-fanout Net; Time: 0.000024s wall, 0.000000s user + 0.000000s system = 0.000000s CPU (n/a%); Memory(MB): used = 157, reserved = 157, peak = 157;

OPT-1001 : End physical optimization;  0.006896s wall, 0.000000s user + 0.000000s system = 0.000000s CPU (n/a%)

PHY-1001 : End Stage 1.2 | Optimize Design; Time: 0.006975s wall, 0.000000s user + 0.000000s system = 0.000000s CPU (n/a%); Memory(MB): used = 157, reserved = 157, peak = 157;

PHY-1001 : Stage 1.3 | Initialize Clock
SYN-4016 : Net sd_card_bmp_m0/clk driven by BUFG (863 clock/control pins, 1 other pins).
SYN-4016 : Net u_audio_pll/clk0_out driven by BUFG (0 clock/control pins, 1 other pins).
SYN-4016 : Net u_I2S_receiver/I_clk driven by BUFG (2127 clock/control pins, 1 other pins).
SYN-4027 : Net U3/u2_ram/u1_init_ref/Sdr_clk is clkc1 of pll sys_pll_m0/pll_inst.
SYN-4027 : Net U3/u2_ram/SDRAM_CLK is clkc2 of pll sys_pll_m0/pll_inst.
SYN-4019 : Net clk_dup_1 is refclk of pll sys_pll_m0/pll_inst.
SYN-4020 : Net clk_dup_1 is fbclk of pll sys_pll_m0/pll_inst.
SYN-4027 : Net u_hdmi_audio_tone_i2s_64fs/I_mclk is clkc2 of pll u_audio_pll/pll_inst.
SYN-4019 : Net clk_dup_1 is refclk of pll u_audio_pll/pll_inst.
SYN-4020 : Net clk_dup_1 is fbclk of pll u_audio_pll/pll_inst.
SYN-4027 : Net u_hdmi2phy_wrapper/u0_lane_lvds_8_1/I_serial_clk is clkc1 of pll video_pll_m0/pll_inst.
SYN-4019 : Net clk_dup_1 is refclk of pll video_pll_m0/pll_inst.
SYN-4020 : Net clk_dup_1 is fbclk of pll video_pll_m0/pll_inst.
SYN-4025 : Tag rtl::Net U3/u2_ram/SDRAM_CLK as clock net
SYN-4025 : Tag rtl::Net U3/u2_ram/u1_init_ref/Sdr_clk as clock net
SYN-4025 : Tag rtl::Net clk_dup_1 as clock net
SYN-4025 : Tag rtl::Net sd_card_bmp_m0/clk as clock net
SYN-4025 : Tag rtl::Net u_I2S_receiver/I_clk as clock net
SYN-4025 : Tag rtl::Net u_audio_pll/clk0_out as clock net
SYN-4025 : Tag rtl::Net u_hdmi2phy_wrapper/u0_lane_lvds_8_1/I_serial_clk as clock net
SYN-4025 : Tag rtl::Net u_hdmi_audio_tone_i2s_64fs/I_mclk as clock net
SYN-4026 : Tagged 8 rtl::Net as clock net
PHY-1001 : Populate physical database on model top.
RUN-1001 : There are total 7142 instances
RUN-0007 : 2677 luts, 3732 seqs, 394 mslices, 210 lslices, 87 pads, 20 brams, 0 dsps
RUN-1001 : There are total 8088 nets
RUN-1001 : 6130 nets have 2 pins
RUN-1001 : 1426 nets have [3 - 5] pins
RUN-1001 : 340 nets have [6 - 10] pins
RUN-1001 : 88 nets have [11 - 20] pins
RUN-1001 : 94 nets have [21 - 99] pins
RUN-1001 : 10 nets have 100+ pins
PHY-1001 : End Stage 1.3 | Initialize Clock; Time: 0.009829s wall, 0.015625s user + 0.000000s system = 0.015625s CPU (159.0%); Memory(MB): used = 157, reserved = 157, peak = 157;

PHY-1001 : End Stage 1 | Initialize Design; Time: 0.040157s wall, 0.031250s user + 0.000000s system = 0.031250s CPU (77.8%); Memory(MB): used = 157, reserved = 157, peak = 157;

PHY-1001 : Stage 2 | Global Placement
RUN-1001 : Report Control nets information:
RUN-1001 : DFF Distribution
RUN-1001 : -------------------------------------
RUN-1001 :   CE   |  SSR  |  ASR  |  DFF Count  
RUN-1001 : -------------------------------------
RUN-1001 :   No   |  No   |  No   |     966     
RUN-1001 :   No   |  No   |  Yes  |    1253     
RUN-1001 :   No   |  Yes  |  No   |     147     
RUN-1001 :   Yes  |  No   |  No   |     33      
RUN-1001 :   Yes  |  No   |  Yes  |    1167     
RUN-1001 :   Yes  |  Yes  |  No   |     166     
RUN-1001 : -------------------------------------
RUN-1001 : Control Group Statistic
RUN-1001 : -----------------------------
RUN-1001 :   #CLK  |  #CE  |  #SSR/ASR  
RUN-1001 : -----------------------------
RUN-1001 :    6    |  72   |     17     
RUN-1001 : -----------------------------
RUN-0007 : Control Set = 95
PHY-1001 : Stage 2.1 | Place Fixed Instances
PHY-1001 : End Stage 2.1 | Place Fixed Instances; Time: 0.026196s wall, 0.031250s user + 0.000000s system = 0.031250s CPU (119.3%); Memory(MB): used = 158, reserved = 157, peak = 158;

PHY-1001 : Stage 2.2 | Pre-Place DRC Check
PHY-1001 : Stage 2.2.1 | Force Route Constraint Check
PHY-1001 : Check Pass.
PHY-1001 : End Stage 2.2.1 | Force Route Constraint Check; Time: 0.000393s wall, 0.000000s user + 0.000000s system = 0.000000s CPU (n/a%); Memory(MB): used = 158, reserved = 157, peak = 158;

PHY-1001 : End Stage 2.2 | Pre-Place DRC Check; Time: 0.000417s wall, 0.000000s user + 0.000000s system = 0.000000s CPU (n/a%); Memory(MB): used = 158, reserved = 157, peak = 158;

PHY-1001 : Stage 2.3 | Global Placement Step 1
PHY-3001 : Target density is 70%
PHY-1001 : Stage 2.3.1 | Update Timing
RUN-1002 : start command "start_timer"
USR-1002 : Derived clock:  create_generated_clock -name {sys_pll_m0/pll_inst.clkc[0]} -source [get_ports {clk}] -master_clock {clk} -multiply_by 2.0000 -duty_cycle 50.0000 [get_pins {sys_pll_m0/pll_inst.clkc[0]}]
USR-1002 : Derived clock:  create_generated_clock -name {sys_pll_m0/pll_inst.clkc[1]} -source [get_ports {clk}] -master_clock {clk} -multiply_by 2.5000 -duty_cycle 50.0000 [get_pins {sys_pll_m0/pll_inst.clkc[1]}]
USR-1002 : Derived clock:  create_generated_clock -name {sys_pll_m0/pll_inst.clkc[2]} -source [get_ports {clk}] -master_clock {clk} -multiply_by 2.5000 -phase 180 -duty_cycle 50.0000 [get_pins {sys_pll_m0/pll_inst.clkc[2]}]
USR-1002 : Derived clock:  create_generated_clock -name {u_audio_pll/pll_inst.clkc[0]} -source [get_ports {clk}] -master_clock {clk} -multiply_by 1.5000 -duty_cycle 50.0000 [get_pins {u_audio_pll/pll_inst.clkc[0]}]
USR-1002 : Derived clock:  create_generated_clock -name {u_audio_pll/pll_inst.clkc[2]} -source [get_ports {clk}] -master_clock {clk} -divide_by 4.0667 -duty_cycle 50.0000 [get_pins {u_audio_pll/pll_inst.clkc[2]}]
USR-1002 : Derived clock:  create_generated_clock -name {video_pll_m0/pll_inst.clkc[0]} -source [get_ports {clk}] -master_clock {clk} -divide_by 2.0000 -duty_cycle 50.0000 [get_pins {video_pll_m0/pll_inst.clkc[0]}]
USR-1002 : Derived clock:  create_generated_clock -name {video_pll_m0/pll_inst.clkc[1]} -source [get_ports {clk}] -master_clock {clk} -multiply_by 2.5000 -duty_cycle 50.0000 [get_pins {video_pll_m0/pll_inst.clkc[1]}]
8.000000
40.000000
10.000000
8.000000
TMR-2502 : Net delay update with mode: Synthesized
PHY-1001 : SWNS: -5291, STNS: -267993, FEP: 92
PHY-1001 : End Stage 2.3.1 | Update Timing; Time: 0.460119s wall, 0.468750s user + 0.000000s system = 0.468750s CPU (101.9%); Memory(MB): used = 227, reserved = 222, peak = 227;

PHY-0007 : Cell area utilization is 19%
RUN-1001 : Huge Net Statistic
RUN-1001 : -------------------------------------------------------------------
RUN-1001 :   Fanout  |  Slack  |                     Net                      
RUN-1001 : -------------------------------------------------------------------
RUN-1001 :    1342   |   Inf   |  frame_read_write_m0/frame_fifo_read_m0/rst  
RUN-1001 : -------------------------------------------------------------------
PHY-3001 : Clustering ...
PHY-3001 : End clustering;  0.000013s wall, 0.000000s user + 0.000000s system = 0.000000s CPU (n/a%)

PHY-3001 : Target density is 70%
PHY-1001 : Stage 2.3.2 | GP Iteration
PHY-1001 : End Stage 2.3.2 | GP Iteration; Time: 0.852517s wall, 2.703125s user + 1.640625s system = 4.343750s CPU (509.5%); Memory(MB): used = 229, reserved = 223, peak = 229;

PHY-3001 : Multithread accelerating rate: 5.09
TMR-2502 : Net delay update with mode: Placed
PHY-3001 : No need to merge 9x9 Dsps.
PHY-1001 : Populate physical database on model top.
PHY-1001 : End Stage 2.3 | Global Placement Step 1; Time: 1.523562s wall, 3.390625s user + 1.640625s system = 5.031250s CPU (330.2%); Memory(MB): used = 231, reserved = 224, peak = 231;

PHY-1001 : Stage 2.4 | RAM/DSP Legalization and Detailed Placement
PHY-1001 : Stage 2.4.1 | Legalization
PHY-3001 : Before Legalized: Len = 222750
PHY-3001 : After Legalized: Len = 224058, Over = 23.8125
PHY-1001 : End Stage 2.4.1 | Legalization; Time: 0.186997s wall, 0.187500s user + 0.000000s system = 0.187500s CPU (100.3%); Memory(MB): used = 231, reserved = 224, peak = 231;

PHY-1001 : End Stage 2.4 | RAM/DSP Legalization and Detailed Placement; Time: 0.187280s wall, 0.187500s user + 0.000000s system = 0.187500s CPU (100.1%); Memory(MB): used = 231, reserved = 224, peak = 231;

PHY-1001 : Stage 2.5 | Global Placement Step 2
PHY-3001 : Target density is 70%
PHY-1001 : Stage 2.5.1 | Update Timing
PHY-1001 : SWNS: -7943, STNS: -296260, FEP: 80
PHY-1001 : End Stage 2.5.1 | Update Timing; Time: 0.016335s wall, 0.015625s user + 0.000000s system = 0.015625s CPU (95.7%); Memory(MB): used = 232, reserved = 226, peak = 232;

PHY-1001 : Stage 2.5.2 | GP Iteration
PHY-1001 : End Stage 2.5.2 | GP Iteration; Time: 0.610869s wall, 1.828125s user + 1.140625s system = 2.968750s CPU (486.0%); Memory(MB): used = 232, reserved = 226, peak = 232;

PHY-3001 : Multithread accelerating rate: 4.85
PHY-1001 : End Stage 2.5 | Global Placement Step 2; Time: 0.817454s wall, 2.015625s user + 1.156250s system = 3.171875s CPU (388.0%); Memory(MB): used = 232, reserved = 226, peak = 232;

PHY-1001 : Stage 2.6 | RAM/DSP Detailed Placement
PHY-1001 : End Stage 2.6 | RAM/DSP Detailed Placement; Time: 0.002498s wall, 0.000000s user + 0.000000s system = 0.000000s CPU (n/a%); Memory(MB): used = 232, reserved = 226, peak = 232;

PHY-1001 : Stage 2.7 | Optimize Design
OPT-1001 : Start physical optimization ...
OPT-1001 : Total overflow 312.59 peak overflow 3.50
OPT-1001 : Stage 2.7.1 | Synthesize High-fanout Net
OPT-1001 : Start high-fanout net optimization in pre-pack flow with medium effort ...
OPT-1001 : Update timing in Manhattan mode
OPT-1001 : End timing update;  0.176796s wall, 0.187500s user + 0.000000s system = 0.187500s CPU (106.1%)

OPT-1001 : Start: SWNS -7943 STNS -295350 NUM_FEPS 80
OPT-1001 : Total overflow 312.59 peak overflow 3.50
PHY-1001 : Populate physical database on model top.
OPT-1001 : 5 high-fanout net processed.
PHY-3001 : Start incremental placement ...
PHY-1001 : Populate physical database on model top.
PHY-3001 : Target density is 70%
PHY-3001 : Target density is 70%
PHY-1001 : Stage 2.7.1.1 | Update Timing
PHY-1001 : SWNS: -7943, STNS: -295350, FEP: 80
PHY-1001 : End Stage 2.7.1.1 | Update Timing; Time: 0.017421s wall, 0.015625s user + 0.000000s system = 0.015625s CPU (89.7%); Memory(MB): used = 233, reserved = 227, peak = 233;

PHY-1001 : Stage 2.7.1.2 | GP Iteration
PHY-1001 : End Stage 2.7.1.2 | GP Iteration; Time: 0.222829s wall, 0.812500s user + 0.171875s system = 0.984375s CPU (441.8%); Memory(MB): used = 233, reserved = 227, peak = 233;

PHY-3001 : Multithread accelerating rate: 4.39
PHY-3001 : Final: Len = 189774, Over = 86.6875
PHY-3001 : End incremental placement;  0.297742s wall, 0.906250s user + 0.171875s system = 1.078125s CPU (362.1%)

OPT-1001 : Total overflow 313.31 peak overflow 3.75
RUN-1001 : HFN opt statistic
RUN-1001 : ------------------------------------------------------
RUN-1001 :   DriverCell type  |  HFN count  |  Duplicated count  
RUN-1001 : ------------------------------------------------------
RUN-1001 :         REG        |      4      |         37         
RUN-1001 :        LUT6        |      0      |         0          
RUN-1001 :        LUT5        |      0      |         0          
RUN-1001 :        LUT4        |      0      |         0          
RUN-1001 :        LUT3        |      0      |         0          
RUN-1001 :        LUT2        |      1      |         3          
RUN-1001 :        TOTAL       |      5      |         40         
RUN-1001 : ------------------------------------------------------
OPT-1001 : End high-fanout net optimization;  0.649484s wall, 1.234375s user + 0.171875s system = 1.406250s CPU (216.5%)

OPT-1001 : Update timing in Manhattan mode
OPT-1001 : End timing update;  0.183687s wall, 0.187500s user + 0.000000s system = 0.187500s CPU (102.1%)

OPT-1001 : Current memory(MB): used = 233, reserved = 227, peak = 233.
OPT-1001 : End Stage 2.7.1 | Synthesize High-fanout Net; Time: 0.851492s wall, 1.437500s user + 0.171875s system = 1.609375s CPU (189.0%); Memory(MB): used = 233, reserved = 227, peak = 233;

OPT-1001 : Stage 2.7.2 | Global Optimization
OPT-1001 : Start global optimization ...
OPT-0007 : Start: SWNS -7893 STNS -295050 NUM_FEPS 80
OPT-1001 : Start congestion update ...
RUN-1001 : Generating global routing grids ...
RUN-1001 : Building simple global routing graph ...
PHY-1001 : Generate routing nets ...
PHY-1001 : Reuse net number 0/6053.
PHY-1001 : Global iterations in 20 thread ...
PHY-1002 : len = 214696, over cnt = 757(2%), over = 1724, worst = 11
PHY-1002 : len = 223696, over cnt = 525(1%), over = 888, worst = 7
PHY-1002 : len = 230632, over cnt = 247(0%), over = 368, worst = 7
PHY-1002 : len = 233800, over cnt = 114(0%), over = 154, worst = 5
PHY-1002 : len = 236432, over cnt = 0(0%), over = 0, worst = 0
PHY-1001 : End global iterations;  0.338249s wall, 0.343750s user + 0.062500s system = 0.406250s CPU (120.1%)

PHY-1001 : Congestion index:
PHY-1001 : top1  = 43.47(S 59.74, N 53.71, E 55.37, W 43.97, I 0.00, O 0.00)
PHY-1001 : top5  = 35.83(S 46.96, N 43.21, E 44.49, W 33.54, I 0.00, O 0.00)
PHY-1001 : top10 = 31.08(S 39.10, N 36.79, E 37.48, W 28.71, I 0.00, O 0.00)
PHY-1001 : top15 = 28.03(S 33.94, N 32.53, E 32.85, W 25.51, I 0.00, O 0.00)
OPT-1001 : End congestion update;  0.402209s wall, 0.406250s user + 0.062500s system = 0.468750s CPU (116.5%)

OPT-0007 : Iter 1: improved SWNS -7893 STNS -295050 NUM_FEPS 80 with 11 cells processed and 300 slack improved
OPT-0007 : Iter 2: improved SWNS -7893 STNS -295050 NUM_FEPS 80 with 1 cells processed and 0 slack improved
OPT-1001 : Overall commit ratio 1.00
OPT-1001 : End global optimization;  0.419755s wall, 0.421875s user + 0.062500s system = 0.484375s CPU (115.4%)

OPT-1001 : Current memory(MB): used = 259, reserved = 252, peak = 259.
OPT-1001 : End Stage 2.7.2 | Global Optimization; Time: 0.484576s wall, 0.484375s user + 0.062500s system = 0.546875s CPU (112.9%); Memory(MB): used = 259, reserved = 252, peak = 259;

OPT-0007 : End flow prepack: SWNS -7893 STNS -295050 NUM_FEPS 80
OPT-1001 : End physical optimization;  1.343108s wall, 1.921875s user + 0.234375s system = 2.156250s CPU (160.5%)

PHY-1001 : End Stage 2.7 | Optimize Design; Time: 1.343636s wall, 1.921875s user + 0.234375s system = 2.156250s CPU (160.5%); Memory(MB): used = 259, reserved = 252, peak = 259;

PHY-1001 : Stage 2.8 | Place Packing
PHY-1001 : Stage 2.8.1 | Packing
SYN-4007 : Packing 0 MUX to BLE ...
SYN-4008 : Packed 0 MUX and 0 SEQ to BLE.
SYN-4007 : Packing 2680 LUT to BLE ...
SYN-4008 : Packed 2680 LUT and 1815 SEQ to BLE.
SYN-4003 : Packing 1954 remaining SEQ's ...
SYN-4005 : Packed 773 SEQ with LUT/SLICE
SYN-4006 : 232 single LUT's are left
SYN-4006 : 1181 single SEQ's are left
SYN-4011 : Packing model "top" (AL_USER_NORMAL) with 3861/4594 primitive instances ...
PHY-1001 : Populate physical database on model top.
RUN-1001 : There are total 2871 instances
RUN-1001 : 1371 mslices, 1371 lslices, 87 pads, 20 brams, 0 dsps
RUN-1001 : There are total 6463 nets
RUN-1001 : 4493 nets have 2 pins
RUN-1001 : 1388 nets have [3 - 5] pins
RUN-1001 : 357 nets have [6 - 10] pins
RUN-1001 : 110 nets have [11 - 20] pins
RUN-1001 : 109 nets have [21 - 99] pins
RUN-1001 : 6 nets have 100+ pins
PHY-3001 : Target density is 34%
RUN-1002 : start command "start_timer"
USR-1002 : Derived clock:  create_generated_clock -name {sys_pll_m0/pll_inst.clkc[0]} -source [get_ports {clk}] -master_clock {clk} -multiply_by 2.0000 -duty_cycle 50.0000 [get_pins {sys_pll_m0/pll_inst.clkc[0]}]
USR-1002 : Derived clock:  create_generated_clock -name {sys_pll_m0/pll_inst.clkc[1]} -source [get_ports {clk}] -master_clock {clk} -multiply_by 2.5000 -duty_cycle 50.0000 [get_pins {sys_pll_m0/pll_inst.clkc[1]}]
USR-1002 : Derived clock:  create_generated_clock -name {sys_pll_m0/pll_inst.clkc[2]} -source [get_ports {clk}] -master_clock {clk} -multiply_by 2.5000 -phase 180 -duty_cycle 50.0000 [get_pins {sys_pll_m0/pll_inst.clkc[2]}]
USR-1002 : Derived clock:  create_generated_clock -name {u_audio_pll/pll_inst.clkc[0]} -source [get_ports {clk}] -master_clock {clk} -multiply_by 1.5000 -duty_cycle 50.0000 [get_pins {u_audio_pll/pll_inst.clkc[0]}]
USR-1002 : Derived clock:  create_generated_clock -name {u_audio_pll/pll_inst.clkc[2]} -source [get_ports {clk}] -master_clock {clk} -divide_by 4.0667 -duty_cycle 50.0000 [get_pins {u_audio_pll/pll_inst.clkc[2]}]
USR-1002 : Derived clock:  create_generated_clock -name {video_pll_m0/pll_inst.clkc[0]} -source [get_ports {clk}] -master_clock {clk} -divide_by 2.0000 -duty_cycle 50.0000 [get_pins {video_pll_m0/pll_inst.clkc[0]}]
USR-1002 : Derived clock:  create_generated_clock -name {video_pll_m0/pll_inst.clkc[1]} -source [get_ports {clk}] -master_clock {clk} -multiply_by 2.5000 -duty_cycle 50.0000 [get_pins {video_pll_m0/pll_inst.clkc[1]}]
8.000000
40.000000
10.000000
8.000000
PHY-1001 : End Stage 2.8.1 | Packing; Time: 0.833893s wall, 0.828125s user + 0.000000s system = 0.828125s CPU (99.3%); Memory(MB): used = 272, reserved = 264, peak = 272;

PHY-1001 : Stage 2.8.2 | Post Pack GP
PHY-3001 : Target density is 34%
PHY-3001 : Cell area utilization is 34%
PHY-3001 : After packing: Len = 191723, Over = 141.25
PHY-3001 : Target density is 70%
PHY-1001 : Stage 2.8.2.1 | Update Timing
PHY-1001 : SWNS: -7843, STNS: -294950, FEP: 80
PHY-1001 : End Stage 2.8.2.1 | Update Timing; Time: 0.017314s wall, 0.015625s user + 0.000000s system = 0.015625s CPU (90.2%); Memory(MB): used = 273, reserved = 265, peak = 273;

PHY-1001 : Stage 2.8.2.2 | GP Iteration
PHY-1001 : End Stage 2.8.2.2 | GP Iteration; Time: 0.228305s wall, 0.781250s user + 0.093750s system = 0.875000s CPU (383.3%); Memory(MB): used = 273, reserved = 265, peak = 273;

PHY-3001 : Multithread accelerating rate: 3.82
PHY-3001 : Low accelerating rate: 3.82. This may happen when it is heavy-loaded.
PHY-1001 : End Stage 2.8.2 | Post Pack GP; Time: 0.250499s wall, 0.812500s user + 0.093750s system = 0.906250s CPU (361.8%); Memory(MB): used = 273, reserved = 265, peak = 273;

PHY-1001 : End Stage 2.8 | Place Packing; Time: 1.084488s wall, 1.640625s user + 0.093750s system = 1.734375s CPU (159.9%); Memory(MB): used = 273, reserved = 265, peak = 273;

PHY-1001 : Stage 2.9 | Legalization
PHY-3001 : Before Legalized: Len = 207762
PHY-3001 : After Legalized: Len = 237448, Over = 0
PHY-1001 : End Stage 2.9 | Legalization; Time: 0.006214s wall, 0.015625s user + 0.000000s system = 0.015625s CPU (251.4%); Memory(MB): used = 273, reserved = 265, peak = 273;

PHY-1001 : Stage 2.10 | Global Placement Step 3
PHY-3001 : Target density is 70%
PHY-1001 : Stage 2.10.1 | Update Timing
PHY-1001 : SWNS: -7993, STNS: -295690, FEP: 80
PHY-1001 : End Stage 2.10.1 | Update Timing; Time: 0.180189s wall, 0.187500s user + 0.000000s system = 0.187500s CPU (104.1%); Memory(MB): used = 273, reserved = 265, peak = 273;

PHY-1001 : Stage 2.10.2 | GP Iteration
PHY-1001 : End Stage 2.10.2 | GP Iteration; Time: 0.158069s wall, 0.453125s user + 0.046875s system = 0.500000s CPU (316.3%); Memory(MB): used = 273, reserved = 265, peak = 273;

PHY-3001 : Multithread accelerating rate: 3.14
PHY-3001 : Low accelerating rate: 3.14. This may happen when it is heavy-loaded.
PHY-1001 : End Stage 2.10 | Global Placement Step 3; Time: 0.341331s wall, 0.640625s user + 0.046875s system = 0.687500s CPU (201.4%); Memory(MB): used = 273, reserved = 265, peak = 273;

PHY-1001 : Stage 2.11 | Final Legalization
PHY-3001 : Before Legalized: Len = 205984
PHY-3001 : After Legalized: Len = 219556, Over = 0
PHY-1001 : End Stage 2.11 | Final Legalization; Time: 0.006702s wall, 0.000000s user + 0.000000s system = 0.000000s CPU (n/a%); Memory(MB): used = 273, reserved = 265, peak = 273;

PHY-1001 : End Stage 2 | Global Placement; Time: 5.352576s wall, 9.843750s user + 3.171875s system = 13.015625s CPU (243.2%); Memory(MB): used = 273, reserved = 265, peak = 273;

PHY-1001 : Stage 3 | Detailed Placement
PHY-1001 : Stage 3.1 | SLICE Detailed Placement
PHY-1001 : Stage 3.1.1 | Spreading
PHY-3001 : Spreading special nets. 31 overflows in 2952 tiles.
PHY-3001 : End spreading;  0.007921s wall, 0.015625s user + 0.000000s system = 0.015625s CPU (197.3%)

PHY-1001 : End Stage 3.1.1 | Spreading; Time: 0.007988s wall, 0.015625s user + 0.000000s system = 0.015625s CPU (195.6%); Memory(MB): used = 274, reserved = 266, peak = 274;

PHY-3001 : Final: Len = 219946, Over = 0
PHY-1001 : End Stage 3.1 | SLICE Detailed Placement; Time: 0.199916s wall, 0.203125s user + 0.000000s system = 0.203125s CPU (101.6%); Memory(MB): used = 274, reserved = 266, peak = 274;

PHY-3001 : BANK 5 DIFFRESISTOR:NONE VOD:350M VCM:1.2
PHY-3001 : End Detailed Place; 
PHY-1001 : Stage 3.2 | Optimize Design
OPT-1001 : Start physical optimization ...
OPT-1001 : Total overflow 0.00 peak overflow 0.00
OPT-1001 : Stage 3.2.1 | Physical Optimization
OPT-1001 : Start high-fanout net optimization in optimize equivalent flow with medium effort ...
OPT-1001 : Clean unloaded insts before merging registers
PHY-1001 : Populate physical database on model top.
PHY-1001 : Populate physical database on model top.
OPT-1001 : Total overflow 0.00 peak overflow 0.00
OPT-1001 : End optimize duplicated nets. Total 13 instances are merged and 474 sinks are reconnected,  0.035801s wall, 0.046875s user + 0.000000s system = 0.046875s CPU (130.9%)

OPT-1001 : End high-fanout net optimization;  0.035969s wall, 0.046875s user + 0.000000s system = 0.046875s CPU (130.3%)

OPT-1001 : Update timing in Manhattan mode
RUN-1002 : start command "start_timer"
OPT-1001 : End timing update;  0.425482s wall, 0.421875s user + 0.000000s system = 0.421875s CPU (99.2%)

OPT-1001 : Current memory(MB): used = 274, reserved = 266, peak = 274.
OPT-1001 : End Stage 3.2.1 | Physical Optimization; Time: 0.478878s wall, 0.484375s user + 0.000000s system = 0.484375s CPU (101.1%); Memory(MB): used = 274, reserved = 266, peak = 274;

OPT-1001 : Stage 3.2.2 | Synthesize High-fanout Net
OPT-1001 : Start high-fanout net optimization in post-pack flow with medium effort ...
OPT-1001 : Start: SWNS -7893 STNS -295250 NUM_FEPS 80
OPT-1001 : Total overflow 0.00 peak overflow 0.00
PHY-1001 : Populate physical database on model top.
OPT-1001 : 0 high-fanout net processed.
OPT-1001 : Total overflow 0.00 peak overflow 0.00
RUN-1001 : HFN opt statistic
RUN-1001 : ------------------------------------------------------
RUN-1001 :   DriverCell type  |  HFN count  |  Duplicated count  
RUN-1001 : ------------------------------------------------------
RUN-1001 :       LSLICE       |      0      |         0          
RUN-1001 :       MSLICE       |      0      |         0          
RUN-1001 :        TOTAL       |      0      |         0          
RUN-1001 : ------------------------------------------------------
OPT-1001 : End high-fanout net optimization;  0.045405s wall, 0.109375s user + 0.000000s system = 0.109375s CPU (240.9%)

OPT-1001 : Current memory(MB): used = 274, reserved = 266, peak = 274.
OPT-1001 : End Stage 3.2.2 | Synthesize High-fanout Net; Time: 0.065678s wall, 0.125000s user + 0.000000s system = 0.125000s CPU (190.3%); Memory(MB): used = 274, reserved = 266, peak = 274;

OPT-1001 : Stage 3.2.3 | Optimize Path
OPT-1001 : Start path based optimization ...
OPT-0007 : Start: SWNS -7893 STNS -295250 NUM_FEPS 80 with mode 0
OPT-1001 : Start congestion update ...
RUN-1001 : Generating global routing grids ...
PHY-1001 : Generate routing nets ...
PHY-1001 : Reuse net number 86/5595.
PHY-1001 : Global iterations in 20 thread ...
PHY-1002 : len = 251152, over cnt = 556(1%), over = 945, worst = 7
PHY-1002 : len = 255712, over cnt = 331(0%), over = 487, worst = 6
PHY-1002 : len = 258848, over cnt = 142(0%), over = 202, worst = 4
PHY-1002 : len = 260576, over cnt = 26(0%), over = 34, worst = 3
PHY-1002 : len = 260944, over cnt = 0(0%), over = 0, worst = 0
PHY-1001 : End global iterations;  0.352503s wall, 0.375000s user + 0.031250s system = 0.406250s CPU (115.2%)

PHY-1001 : Congestion index:
PHY-1001 : top1  = 36.91(S 55.43, N 50.69, E 51.12, W 40.26, I 0.00, O 0.00)
PHY-1001 : top5  = 30.66(S 42.19, N 40.70, E 40.36, W 31.06, I 0.00, O 0.00)
PHY-1001 : top10 = 27.57(S 35.83, N 34.70, E 34.92, W 26.64, I 0.00, O 0.00)
PHY-1001 : top15 = 25.43(S 31.88, N 30.64, E 31.16, W 23.78, I 0.00, O 0.00)
OPT-1001 : End congestion update;  0.413452s wall, 0.437500s user + 0.031250s system = 0.468750s CPU (113.4%)

PHY-3001 : Start incremental legalization ...
PHY-1001 : Populate physical database on model top.
PHY-7002 CRITICAL-WARNING: Instance U3/sdram location (12, 12) is not honored. Cell's initial location is not legal at the beginning of ECO placement, and will be moved during placement. Please verify user location constraints through the adc file.
PHY-3001 : Target density is 70%
PHY-3001 : Target density is 70%
PHY-3001 : Initial: Len = 219429, Over = 0
PHY-3001 : End spreading;  0.009170s wall, 0.015625s user + 0.000000s system = 0.015625s CPU (170.4%)

PHY-3001 : Final: Len = 219429, Over = 0
PHY-3001 : End incremental legalization;  0.060077s wall, 0.062500s user + 0.000000s system = 0.062500s CPU (104.0%)

OPT-0007 : Iter 1: improved SWNS -7893 STNS -295250 NUM_FEPS 80 with 13(1455) cells and 729(729) paths processed with 2656 slack improved, crit_thod: 2553 ratio: 1.00(13/13) rt: 0.2s
OPT-0007 : Iter 2: improved SWNS -7893 STNS -295250 NUM_FEPS 80 with 0(0) cells and 0(0) paths processed with 0 slack improved, crit_thod: 2703 ratio: -1.00(0/0) rt: 0.0s
OPT-1001 : End path based optimization;  0.577090s wall, 0.593750s user + 0.031250s system = 0.625000s CPU (108.3%)

OPT-1001 : Update timing in Manhattan mode
OPT-1001 : End timing update;  0.197219s wall, 0.187500s user + 0.015625s system = 0.203125s CPU (103.0%)

OPT-1001 : Current memory(MB): used = 282, reserved = 274, peak = 282.
OPT-1001 : End Stage 3.2.3 | Optimize Path; Time: 0.793679s wall, 0.796875s user + 0.046875s system = 0.843750s CPU (106.3%); Memory(MB): used = 282, reserved = 274, peak = 282;

OPT-1001 : Stage 3.2.4 | Optimize Duplicated Nets
OPT-1001 : Start: WNS -6693 TNS -294560 NUM_FEPS 80
OPT-1001 : Clean unloaded insts before merging registers
PHY-1001 : Populate physical database on model top.
PHY-1001 : Populate physical database on model top.
OPT-1001 : Total overflow 0.00 peak overflow 0.00
OPT-1001 : End optimize duplicated nets. Total 1 instances are merged and 2 sinks are reconnected,  0.063647s wall, 0.062500s user + 0.000000s system = 0.062500s CPU (98.2%)

OPT-1001 : Update timing in Manhattan mode
RUN-1002 : start command "start_timer"
OPT-1001 : End timing update;  0.463065s wall, 0.468750s user + 0.000000s system = 0.468750s CPU (101.2%)

OPT-1001 : Current memory(MB): used = 282, reserved = 274, peak = 282.
OPT-1001 : End Stage 3.2.4 | Optimize Duplicated Nets; Time: 0.548230s wall, 0.546875s user + 0.000000s system = 0.546875s CPU (99.8%); Memory(MB): used = 282, reserved = 274, peak = 282;

OPT-1001 : Stage 3.2.5 | Swap Pins
OPT-1001 : Start pin optimization...
OPT-1001 : skip pin optimization...
OPT-1001 : Current memory(MB): used = 282, reserved = 274, peak = 282.
OPT-1001 : End Stage 3.2.5 | Swap Pins; Time: 0.021686s wall, 0.031250s user + 0.000000s system = 0.031250s CPU (144.1%); Memory(MB): used = 282, reserved = 274, peak = 282;

OPT-0007 : End flow postpack: SWNS -6693 STNS -294560 NUM_FEPS 80
RUN-1001 : Generating global routing grids ...
PHY-1001 : Generate routing nets ...
PHY-1001 : Reuse net number 5558/5594.
PHY-1001 : Global iterations in 20 thread ...
PHY-1002 : len = 262016, over cnt = 15(0%), over = 17, worst = 3
PHY-1002 : len = 262104, over cnt = 6(0%), over = 6, worst = 1
PHY-1002 : len = 262176, over cnt = 1(0%), over = 1, worst = 1
PHY-1002 : len = 262192, over cnt = 0(0%), over = 0, worst = 0
PHY-1001 : End global iterations;  0.040020s wall, 0.046875s user + 0.000000s system = 0.046875s CPU (117.1%)

PHY-1001 : Congestion index:
PHY-1001 : top1  = 36.89(S 55.52, N 50.86, E 51.29, W 40.43, I 0.00, O 0.00)
PHY-1001 : top5  = 30.69(S 42.19, N 40.75, E 40.41, W 31.05, I 0.00, O 0.00)
PHY-1001 : top10 = 27.64(S 35.89, N 34.72, E 34.97, W 26.62, I 0.00, O 0.00)
PHY-1001 : top15 = 25.49(S 31.98, N 30.66, E 31.17, W 23.78, I 0.00, O 0.00)
RUN-1001 : QoR Analysis:
OPT-0007 :   SWNS -6693 STNS -294560 NUM_FEPS 80
RUN-1001 :   No local congestion issue, and most congested 1% tile average routing util is 36.482759
RUN-1001 :   Top critical paths
RUN-1001 :       #1 path slack -6693ps with logic level 2 
RUN-1001 :       #2 path slack -6693ps with logic level 2 
RUN-1001 :       #3 path slack -6593ps with logic level 2 
RUN-1001 :       #4 path slack -6593ps with logic level 2 
RUN-1001 :       #5 path slack -6593ps with logic level 2 
RUN-1001 :       #6 path slack -6593ps with logic level 2 
RUN-1001 :   0 HFN exist on timing critical paths out of 6450 nets
RUN-1001 :   0 long nets exist on timing critical paths out of 6450 nets
OPT-1001 : End physical optimization;  2.037454s wall, 2.093750s user + 0.046875s system = 2.140625s CPU (105.1%)

PHY-1001 : End Stage 3.2 | Optimize Design; Time: 2.037516s wall, 2.093750s user + 0.046875s system = 2.140625s CPU (105.1%); Memory(MB): used = 282, reserved = 274, peak = 282;

PHY-1001 : End Stage 3 | Detailed Placement; Time: 2.240586s wall, 2.312500s user + 0.046875s system = 2.359375s CPU (105.3%); Memory(MB): used = 282, reserved = 274, peak = 282;

PHY-1001 : Stage 4 | Optimize Design
PHY-3001 : Start incremental legalization ...
PHY-1001 : Populate physical database on model top.
PHY-7002 CRITICAL-WARNING: Instance U3/sdram location (164, 288) is not honored. Cell's initial location is not legal at the beginning of ECO placement, and will be moved during placement. Please verify user location constraints through the adc file.
PHY-3001 : Target density is 70%
PHY-3001 : Target density is 70%
PHY-3001 : Initial: Len = 219369, Over = 0
PHY-1001 : Stage 4.1 | Spreading
PHY-3001 : End spreading;  0.008473s wall, 0.000000s user + 0.000000s system = 0.000000s CPU (n/a%)

PHY-1001 : End Stage 4.1 | Spreading; Time: 0.008561s wall, 0.000000s user + 0.000000s system = 0.000000s CPU (n/a%); Memory(MB): used = 282, reserved = 274, peak = 282;

PHY-3001 : Final: Len = 219369, Over = 0
PHY-3001 : End incremental legalization;  0.057845s wall, 0.046875s user + 0.000000s system = 0.046875s CPU (81.0%)

RUN-1002 : start command "report_qor -step place -file place.qor"
RUN-1002 : start command "start_timer"
RUN-1001 : Generating global routing grids ...
-----------------------------------------------------------
| QoR metrics               |         value               |
-----------------------------------------------------------
| Timing                    |                             |
|     Setup WNS             |        -6693                |
|     Setup TNS             |      -294560                |
|     Num of violated S-EP  |           80                |
|     FMAX                  |    68.060MHz                |
|     SWNS path clock period |       8000ps                |
|     Hold WNS              |          -11                |
|     Hold TNS              |          -99                |
|     Num of violated H-EP  |            9                |
-----------------------------------------------------------
| Routing Resource          |                             |
|     Wire length           |       218199                |
-----------------------------------------------------------
| Utilization               |                             |
|     #slices               |         2736                |
|     slices percentage     |       27.92%                |
|     #RAMs                 |           20                |
|     #DSPs                 |            0                |
|     #DRAMHARDCON          |            0                |
-----------------------------------------------------------
| Congestion                |                             |
|     Top 1% tile util      |           33                |
|     Top 1% tile avg util  |       36.48%                |
|     Over 100% util #tile  |            0                |
-----------------------------------------------------------
Report place stage QoR done.

PHY-1001 : End Stage 4 | Optimize Design; Time: 0.589149s wall, 0.578125s user + 0.000000s system = 0.578125s CPU (98.1%); Memory(MB): used = 282, reserved = 274, peak = 282;

PHY-1001 : Stage 5 | DRC Check
PHY-1001 : Stage 5.1 | Force Route Constraint Check
PHY-1001 : Check Pass.
PHY-1001 : End Stage 5.1 | Force Route Constraint Check; Time: 0.000278s wall, 0.000000s user + 0.000000s system = 0.000000s CPU (n/a%); Memory(MB): used = 282, reserved = 274, peak = 282;

PHY-1001 : Stage 5.2 | Duplicated SelfDriven Check
PHY-1001 : Check pass.
PHY-1001 : End Stage 5.2 | Duplicated SelfDriven Check; Time: 0.005836s wall, 0.000000s user + 0.000000s system = 0.000000s CPU (n/a%); Memory(MB): used = 282, reserved = 274, peak = 282;

PHY-1001 : Stage 5.3 | Clock Rule Check
PHY-1001 : End Stage 5.3 | Clock Rule Check; Time: 0.000195s wall, 0.000000s user + 0.000000s system = 0.000000s CPU (n/a%); Memory(MB): used = 282, reserved = 274, peak = 282;

PHY-1001 : End Stage 5 | DRC Check; Time: 0.015437s wall, 0.015625s user + 0.000000s system = 0.015625s CPU (101.2%); Memory(MB): used = 282, reserved = 274, peak = 282;

OPT-1001 : QoR tracer report on placement steps:
    SWNS [   incr ]     STNS [    incr ]    FEPS [   incr ]    CRIT [   incr ]      CELL [     incr ]        WL [     incr ]    CONG [   incr ]    PDES [   incr ]   RT(s) [   incr ]   MEM(mb) [     incr ]
       0 [      0 ]        0 [       0 ]       0 [      0 ]       0 [      0 ]      7142 [        0 ]         0 [        0 ]    0.00 [   0.00 ]       0 [      0 ]       0 [      0 ]       157 [        0 ] : preplace:simplify_lut
       0 [      0 ]        0 [       0 ]       0 [      0 ]       0 [      0 ]      7142 [        0 ]         0 [        0 ]    0.00 [   0.00 ]       0 [      0 ]       0 [      0 ]       157 [        0 ] : preplace:sweep
       0 [      0 ]        0 [       0 ]       0 [      0 ]       0 [      0 ]      7142 [        0 ]         0 [        0 ]    0.00 [   0.00 ]       0 [      0 ]       0 [      0 ]       157 [        0 ] : preplace:hfn_opt
   -7943 [  -7943 ]  -296260 [ -296260 ]      80 [     80 ]    4921 [   4921 ]      7142 [        0 ]    221218 [   221218 ]    0.00 [   0.00 ]       0 [      0 ]       1 [      1 ]       231 [       74 ] : step1_gp
   -7943 [      0 ]  -296260 [       0 ]      80 [      0 ]    4921 [      0 ]      7142 [        0 ]    222472 [     1254 ]    0.00 [   0.00 ]       0 [      0 ]       1 [      0 ]       231 [        0 ] : step1_legal
   -7943 [      0 ]  -295350 [     910 ]      80 [      0 ]    4798 [   -123 ]      7142 [        0 ]    194306 [   -28166 ]    0.00 [   0.00 ]       0 [      0 ]       2 [      1 ]       232 [        1 ] : step2_gp
   -7893 [     50 ]  -295050 [     300 ]      80 [      0 ]    4755 [    -43 ]      7182 [       40 ]    188280 [    -6026 ]    0.00 [   0.00 ]       0 [      0 ]       3 [      1 ]       233 [        1 ] : prepack:hfn_opt
   -7893 [      0 ]  -295050 [       0 ]      80 [      0 ]    4756 [      1 ]      7182 [        0 ]    188426 [      146 ]   43.07 [  43.07 ]       0 [      0 ]       3 [      0 ]       259 [       26 ] : prepack:global_opt
   -7843 [     50 ]  -294950 [     100 ]      80 [      0 ]    4779 [     23 ]      2871 [    -4311 ]    190551 [     2125 ]   43.07 [   0.00 ]       0 [      0 ]       4 [      1 ]       272 [       13 ] : pack
   -7893 [    -50 ]  -295250 [    -300 ]      80 [      0 ]    4688 [    -91 ]      2871 [        0 ]    218385 [    27834 ]   43.07 [   0.00 ]       0 [      0 ]       5 [      1 ]       273 [        1 ] : post_pack_place
   -7893 [      0 ]  -295250 [       0 ]      80 [      0 ]    4712 [     24 ]      2871 [        0 ]    218775 [      390 ]   43.07 [   0.00 ]       0 [      0 ]       5 [      0 ]       274 [        1 ] : post_pack_spreading
   -7893 [      0 ]  -295250 [       0 ]      80 [      0 ]    4711 [     -1 ]      2866 [       -5 ]    217389 [    -1386 ]   43.07 [   0.00 ]       0 [      0 ]       6 [      1 ]       274 [        0 ] : postpack:optimize_equivalent_quick
   -7893 [      0 ]  -295250 [       0 ]      80 [      0 ]    4711 [      0 ]      2866 [        0 ]    217389 [        0 ]   43.07 [   0.00 ]       0 [      0 ]       6 [      0 ]       274 [        0 ] : postpack:hfn_opt
   -6693 [   1200 ]  -294560 [     690 ]      80 [      0 ]    4726 [     15 ]      2866 [        0 ]    218259 [      870 ]   36.52 [  -6.55 ]       0 [      0 ]       7 [      1 ]       282 [        8 ] : postpack:path_opt
   -6693 [      0 ]  -294560 [       0 ]      80 [      0 ]    4726 [      0 ]      2866 [        0 ]    218199 [      -60 ]   36.52 [   0.00 ]       0 [      0 ]       7 [      0 ]       282 [        0 ] : postpack:optimize_equivalent
   -6693 [      0 ]  -294560 [       0 ]      80 [      0 ]    4726 [      0 ]      2866 [        0 ]    218199 [        0 ]   36.52 [   0.00 ]       0 [      0 ]       7 [      0 ]       282 [        0 ] : postpack:pin_opt

RUN-1003 : finish command "place" in  8.443145s wall, 13.000000s user + 3.218750s system = 16.218750s CPU (192.1%)

RUN-1004 : used memory is 282 MB, reserved memory is 274 MB, peak memory is 282 MB
RUN-1002 : start command "update_timing -mode manhattan"
RUN-1002 : start command "start_timer"
RUN-1002 : start command "report_timing_summary -file HDMI1.4b_Transmitter_v1.0_place.timing"
RUN-1002 : start command "report_area -io_info -file HDMI1.4b_Transmitter_v1.0_phy.area"
RUN-1001 : standard
***Report Model: top Device: EG4S20BG256***

IO Statistics
#IO                        28   out of    188   14.89%
  #input                    5
  #output                  22
  #inout                    1

Utilization Statistics
#lut                     3951   out of  19600   20.16%
#reg                     3790   out of  19600   19.34%
#le                      5117
  #lut only              1327   out of   5117   25.93%
  #reg only              1166   out of   5117   22.79%
  #lut&reg               2624   out of   5117   51.28%
#bram                      20   out of     64   31.25%
  #bram9k                  20
  #fifo9k                   0
#bram32k                    0   out of     16    0.00%
#dsp                        0   out of     29    0.00%
#pad                       32   out of    188   17.02%
  #ireg                     2
  #oreg                    21
  #treg                     1
#pll                        3   out of      4   75.00%
#gclk                       3   out of     16   18.75%

RUN-1002 : start command "flow_status -file place_flow.status"
Location         : C:\Users\zbrmyyds\Desktop\anlu\FPGA_Prj\I2S\transmitor\APUG092_HDMI1.4b_Transmitter_V1.4\src\td_project\HDMI1.4b_Transmitter_v1.0_Runs\phy_1
Running with     : Tang Dynasty v6.2.168116
                   Copyright (c) 2012-2025 Anlogic Inc.
Top Model        : top
Device           : EG4S20BG256
Speed            : NA

Timing Mode      : manhattan
Setup            : WNS -6693ps  TNS  -294560ps  NUM_FEPS    80
Hold             : WNS   -11ps  TNS      -99ps  NUM_FEPS     9

Flow Statistics  :
RUN-1001 : Flow Statistics:
RUN-1001 : --------------------------------------------------------------------------------------------------
RUN-1001 :      command     |  #calls  |  wall time  |  cpu time(s)  |  used memory(mb)  |  peak memory(mb)  
RUN-1001 : --------------------------------------------------------------------------------------------------
RUN-1001 :       place      |    1     |  8s(100%)   |   16(100%)    |        282        |        282        
RUN-1001 :     import_db    |    1     |   0s(0%)    |     0(0%)     |        156        |        156        
RUN-1001 :   import_device  |    1     |   0s(0%)    |     0(0%)     |        83         |        83         
RUN-1001 : --------------------------------------------------------------------------------------------------
RUN-1001 :       total      |    3     |     8s      |      16       |        282        |        282        
RUN-1001 : --------------------------------------------------------------------------------------------------
RUN-1002 : start command "report_clock_utilization -file place_clock_utilization.txt"
RUN-1001 : Device not support command report_clock_utilization.
RUN-1002 : start command "export_db HDMI1.4b_Transmitter_v1.0_place.db"
RUN-1001 : Exported flow parameters
RUN-1001 : Exported /
RUN-1001 : Exported libs
RUN-1001 : Exported entities
RUN-1001 : Exported ports
RUN-1001 : Exported pins
RUN-1001 : Exported instances
RUN-1001 : Exported nets
RUN-1001 : Exported buses
RUN-1001 : Exported models
RUN-1001 : Exported phy database
RUN-1001 : Exported packer
RUN-1001 : Exported congestions
RUN-1001 : Exported violations
RUN-1001 : Exported ATMR Setting
RUN-1001 : Exported timing constraints
RUN-1001 : Exported IO constraints
RUN-1001 : Exported Inst constraints
RUN-1001 : Exported ChipWatcher
RUN-1002 : start command "commit_param -step route"
RUN-1001 : Print Global Property
RUN-1001 : --------------------------------------------------------
RUN-1001 :   Parameters   |  Settings  |  Default Values  |  Note  
RUN-1001 : --------------------------------------------------------
RUN-1001 :   enable_seed  |    off     |       off        |        
RUN-1001 :     message    |  standard  |     standard     |        
RUN-1001 :   qor_monitor  |     on     |        on        |        
RUN-1001 :   syn_ip_flow  |    off     |       off        |        
RUN-1001 :     thread     |    auto    |       auto       |        
RUN-1001 : --------------------------------------------------------
RUN-1001 : Print Route Property
RUN-1001 : -------------------------------------------------------
RUN-1001 :   Parameters  |  Settings  |  Default Values  |  Note  
RUN-1001 : -------------------------------------------------------
RUN-1001 :     effort    |   normal   |      normal      |        
RUN-1001 :    fix_hold   |     on     |        on        |        
RUN-1001 :     timing    |     on     |        on        |        
RUN-1001 : -------------------------------------------------------
RUN-1002 : start command "route"
RUN-1001 : Open license file D:/Tools/Anlogic/TD_6.2/license/Anlogic.lic
PHY-1001 : Route runs in 20 thread(s)
RUN-1001 : There are total 2866 instances
RUN-1001 : 1371 mslices, 1365 lslices, 87 pads, 20 brams, 0 dsps
RUN-1001 : There are total 6450 nets
RUN-1001 : 4493 nets have 2 pins
RUN-1001 : 1389 nets have [3 - 5] pins
RUN-1001 : 357 nets have [6 - 10] pins
RUN-1001 : 104 nets have [11 - 20] pins
RUN-1001 : 101 nets have [21 - 99] pins
RUN-1001 : 6 nets have 100+ pins
RUN-1002 : start command "start_timer"
PHY-1001 : 1371 mslices, 1365 lslices, 87 pads, 20 brams, 0 dsps

PHY-1001 : Stage 1 | Global Routing
PHY-1001 : Start global routing, caller is route ...
RUN-1001 : Generating global routing grids ...
PHY-1001 : Generate routing nets ...
RUN-1001 : Generate nets statistics:
RUN-1001 : ----------------------------
RUN-1001 :        Type       |  Nets   
RUN-1001 : ----------------------------
RUN-1001 :   TotalRouteNets  |  5857   
RUN-1001 :   DontRouteNets   |   493   
RUN-1001 :     RouteNets     |  5364   
RUN-1001 :     RouteSinks    |  10970  
RUN-1001 : ----------------------------
PHY-1001 : Global iterations in 20 thread ...
PHY-1002 : len = 251768, over cnt = 563(1%), over = 968, worst = 7
PHY-1002 : len = 256456, over cnt = 340(0%), over = 517, worst = 7
PHY-1002 : len = 259600, over cnt = 134(0%), over = 214, worst = 5
PHY-1002 : len = 261816, over cnt = 0(0%), over = 0, worst = 0
PHY-1001 : End global iterations;  0.364338s wall, 0.343750s user + 0.000000s system = 0.343750s CPU (94.3%)

PHY-1001 : Congestion index:
PHY-1001 : top1  = 36.76(S 54.05, N 50.60, E 51.29, W 40.34, I 0.00, O 0.00)
PHY-1001 : top5  = 30.70(S 42.11, N 40.75, E 40.17, W 30.77, I 0.00, O 0.00)
PHY-1001 : top10 = 27.63(S 35.81, N 34.84, E 34.77, W 26.39, I 0.00, O 0.00)
PHY-1001 : top15 = 25.46(S 31.87, N 30.84, E 31.08, W 23.65, I 0.00, O 0.00)
PHY-1001 : End global routing;  0.431839s wall, 0.406250s user + 0.000000s system = 0.406250s CPU (94.1%)

PHY-1001 : End Stage 1 | Global Routing; Time: 0.431882s wall, 0.406250s user + 0.000000s system = 0.406250s CPU (94.1%); Memory(MB): used = 299, reserved = 403, peak = 299;

PHY-1001 : Stage 2 | Detail Routing
PHY-1001 : Stage 2.1 | Build Routing Design
PHY-1001 : Routing in high effort: false
PHY-1001 : Routing Mode: normal
PHY-1001 : Generate detailed routing grids ...
PHY-1001 : End build routing graph; 1.807825s wall, 1.781250s user + 0.015625s system = 1.796875s CPU (99.4%)

PHY-1001 : Generate nets ...
PHY-1001 : net clk_dup_1 will be routed on clock mesh
PHY-1001 : net U3/u2_ram/SDRAM_CLK will be routed on clock mesh
PHY-1001 : net U3/u2_ram/u1_init_ref/Sdr_clk will be routed on clock mesh
PHY-1001 : clock net sd_card_bmp_m0/clk will be merged with clock sys_pll_m0/clk0_buf
PHY-1001 : net u_hdmi_audio_tone_i2s_64fs/I_mclk will be routed on clock mesh
PHY-1001 : clock net u_I2S_receiver/I_clk will be merged with clock video_pll_m0/clk0_buf
PHY-1001 : clock net u_audio_pll/clk0_out will be merged with clock u_audio_pll/clk0_buf
PHY-1001 : net u_hdmi2phy_wrapper/u0_lane_lvds_8_1/I_serial_clk will be routed on clock mesh
RUN-1001 : Generate nets statistics:
RUN-1001 : ------------------------------
RUN-1001 :         Type        |  Nets   
RUN-1001 : ------------------------------
RUN-1001 :        Route        |  5857   
RUN-1001 :      DontRoute      |   593   
RUN-1001 :      RouteSinks     |  17460  
RUN-1001 :   RouteEntitySinks  |    0    
RUN-1001 :       Lut2Dff       |    0    
RUN-1001 :       Ram2Dff       |    0    
RUN-1001 :      Carry2Dff      |    0    
RUN-1001 : ------------------------------
RUN-1001 : DR clock net summary:
RUN-1001 : -------------------------------------------------------------------------------
RUN-1001 :   Net Idx  |                      Net Name                      |  Clock Type  
RUN-1001 : -------------------------------------------------------------------------------
RUN-1001 :      1     |                U3/u2_ram/SDRAM_CLK                 |    Normal    
RUN-1001 :      2     |           U3/u2_ram/u1_init_ref/Sdr_clk            |    Normal    
RUN-1001 :      3     |                     clk_dup_1                      |    Normal    
RUN-1001 :      4     |                 sd_card_bmp_m0/clk                 |    Normal    
RUN-1001 :      5     |                u_I2S_receiver/I_clk                |    Normal    
RUN-1001 :      6     |                u_audio_pll/clk0_out                |    Normal    
RUN-1001 :      7     |  u_hdmi2phy_wrapper/u0_lane_lvds_8_1/I_serial_clk  |    Normal    
RUN-1001 :      8     |         u_hdmi_audio_tone_i2s_64fs/I_mclk          |    Normal    
RUN-1001 : -------------------------------------------------------------------------------
RUN-1001 : DR clock buffer summary:
RUN-1001 : ----------------
RUN-1001 :   Idx  |  Name  
RUN-1001 : ----------------
RUN-1001 : ----------------
PHY-1001 : End Stage 2.1 | Build Routing Design; Time: 1.901352s wall, 1.875000s user + 0.015625s system = 1.890625s CPU (99.4%); Memory(MB): used = 569, reserved = 560, peak = 569;

RUN-1001 : Top Percentage Crit. Net Stat.
RUN-1001 : -------------------------------------------------------
RUN-1001 :   Top %  |  Net Count  |  Avg. Fanout  |  Avg. Slack   
RUN-1001 : -------------------------------------------------------
RUN-1001 :     1    |     64      |   2.734375    |  1830.250000  
RUN-1001 :     2    |     129     |   2.488372    |  2394.372093  
RUN-1001 :     3    |     193     |   2.528497    |  2836.777202  
RUN-1001 :     4    |     258     |   2.403101    |  3177.852713  
RUN-1001 :     5    |     322     |   2.546584    |  3448.500000  
RUN-1001 :     6    |     387     |   2.405685    |  3680.126615  
RUN-1001 :     7    |     451     |   2.565410    |  3879.798226  
RUN-1001 :     8    |     516     |   2.643411    |  4057.189922  
RUN-1001 :     9    |     580     |   2.641379    |  4208.150000  
RUN-1001 :    10    |     645     |   2.626357    |  4344.020155  
RUN-1001 : -------------------------------------------------------
PHY-1001 : Stage 2.2 | Clock Nets Routing
PHY-1001 : Routed 0% nets.
PHY-1001 : len = 111136, over cnt = 0(0%), over = 0, worst = 0, crit = 0
PHY-1001 : End Stage 2.2 | Clock Nets Routing; Time: 2.549199s wall, 2.468750s user + 0.046875s system = 2.515625s CPU (98.7%); Memory(MB): used = 600, reserved = 591, peak = 600;

PHY-1001 : Stage 2.3 | Routing Initialization
PHY-1001 : Mark 1% net(place mode slack < 2703ps) as critical nets.
PHY-1001 : Stage 2.3.1 | Normal Nets Routing
PHY-1001 : Routed 90% nets.
PHY-1001 : len = 463872, over cnt = 416(0%), over = 419, worst = 2, crit = 0
PHY-1001 : End Stage 2.3.1 | Normal Nets Routing; Time: 3.983325s wall, 7.375000s user + 0.359375s system = 7.734375s CPU (194.2%); Memory(MB): used = 605, reserved = 596, peak = 605;

PHY-1001 : Stage 2.3.2 | Update Timing
RUN-1002 : start command "start_timer"
USR-1002 : Derived clock:  create_generated_clock -name {sys_pll_m0/pll_inst.clkc[0]} -source [get_ports {clk}] -master_clock {clk} -multiply_by 2.0000 -duty_cycle 50.0000 [get_pins {sys_pll_m0/pll_inst.clkc[0]}]
USR-1002 : Derived clock:  create_generated_clock -name {sys_pll_m0/pll_inst.clkc[1]} -source [get_ports {clk}] -master_clock {clk} -multiply_by 2.5000 -duty_cycle 50.0000 [get_pins {sys_pll_m0/pll_inst.clkc[1]}]
USR-1002 : Derived clock:  create_generated_clock -name {sys_pll_m0/pll_inst.clkc[2]} -source [get_ports {clk}] -master_clock {clk} -multiply_by 2.5000 -phase 180 -duty_cycle 50.0000 [get_pins {sys_pll_m0/pll_inst.clkc[2]}]
USR-1002 : Derived clock:  create_generated_clock -name {u_audio_pll/pll_inst.clkc[0]} -source [get_ports {clk}] -master_clock {clk} -multiply_by 1.5000 -duty_cycle 50.0000 [get_pins {u_audio_pll/pll_inst.clkc[0]}]
USR-1002 : Derived clock:  create_generated_clock -name {u_audio_pll/pll_inst.clkc[2]} -source [get_ports {clk}] -master_clock {clk} -divide_by 4.0667 -duty_cycle 50.0000 [get_pins {u_audio_pll/pll_inst.clkc[2]}]
USR-1002 : Derived clock:  create_generated_clock -name {video_pll_m0/pll_inst.clkc[0]} -source [get_ports {clk}] -master_clock {clk} -divide_by 2.0000 -duty_cycle 50.0000 [get_pins {video_pll_m0/pll_inst.clkc[0]}]
USR-1002 : Derived clock:  create_generated_clock -name {video_pll_m0/pll_inst.clkc[1]} -source [get_ports {clk}] -master_clock {clk} -multiply_by 2.5000 -duty_cycle 50.0000 [get_pins {video_pll_m0/pll_inst.clkc[1]}]
8.000000
40.000000
10.000000
8.000000
TMR-2502 : Net delay update with mode: Routed
PHY-1001 : 52/5857(0%) critical/total net(s).
PHY-1001 : Setup: WNS(ns) = -6.699, TNS(ns) = -294.102, FEP = 70 | Hold: WNS(ns) = -1.367, TNS(ns) = -1.452, FEP = 7.
PHY-1001 : End Stage 2.3.2 | Update Timing; Time: 0.610477s wall, 0.593750s user + 0.000000s system = 0.593750s CPU (97.3%); Memory(MB): used = 607, reserved = 598, peak = 607;

PHY-1001 : End Stage 2.3 | Routing Initialization; Time: 4.603351s wall, 7.968750s user + 0.359375s system = 8.328125s CPU (180.9%); Memory(MB): used = 607, reserved = 598, peak = 607;

PHY-1001 : Stage 2.4 | Routing Optimization
PHY-1001 : Build lut bridge;  0.051242s wall, 0.031250s user + 0.000000s system = 0.031250s CPU (61.0%)

PHY-1001 : Stage 2.4.1 | Phase 1
PHY-1001 : Stage 2.4.1.1 | Setup TimeOptimization
PHY-1001 : Start to optimize setup violation with net base ...
PHY-1001 : Iter 1; Processed 22 pins with SWNS -6.699ns STNS -292.886ns FEP 66 took 0.105886 seconds.
PHY-1001 : len = 463632, over cnt = 429(0%), over = 432, worst = 2, crit = 0
PHY-1001 : End Stage 2.4.1.1 | Setup TimeOptimization; Time: 0.133801s wall, 0.125000s user + 0.000000s system = 0.125000s CPU (93.4%); Memory(MB): used = 611, reserved = 602, peak = 611;

PHY-1001 : Stage 2.4.1.2 | Rip-up And ReRoute
PHY-1001 : Iter 1: len = 464936, over cnt = 105(0%), over = 105, worst = 1, crit = 0, time(s) = 0.23
PHY-1001 : Iter 2: len = 465048, over cnt = 57(0%), over = 57, worst = 1, crit = 0, time(s) = 0.08
PHY-1001 : Iter 3: len = 465064, over cnt = 50(0%), over = 50, worst = 1, crit = 0, time(s) = 0.03
PHY-1001 : Iter 4: len = 465504, over cnt = 14(0%), over = 14, worst = 1, crit = 0, time(s) = 0.03
PHY-1001 : Iter 5: len = 465552, over cnt = 11(0%), over = 11, worst = 1, crit = 0, time(s) = 0.02
PHY-1001 : Iter 6: len = 465552, over cnt = 11(0%), over = 11, worst = 1, crit = 0, time(s) = 0.02
PHY-1001 : Iter 7: len = 465552, over cnt = 11(0%), over = 11, worst = 1, crit = 0, time(s) = 0.02
PHY-1001 : Iter 8: len = 465720, over cnt = 0(0%), over = 0, worst = 0, crit = 0, time(s) = 0.02
PHY-1001 : End Stage 2.4.1.2 | Rip-up And ReRoute; Time: 0.493627s wall, 0.640625s user + 0.000000s system = 0.640625s CPU (129.8%); Memory(MB): used = 612, reserved = 603, peak = 612;

PHY-1001 : Stage 2.4.1.3 | Update Timing
RUN-1002 : start command "start_timer"
PHY-1001 : 32/5857(0%) critical/total net(s).
PHY-1001 : Setup: WNS(ns) = -6.699, TNS(ns) = -293.216, FEP = 70 | Hold: WNS(ns) = -1.367, TNS(ns) = -1.452, FEP = 7.
PHY-1001 : End Stage 2.4.1.3 | Update Timing; Time: 0.572641s wall, 0.531250s user + 0.000000s system = 0.531250s CPU (92.8%); Memory(MB): used = 612, reserved = 603, peak = 612;

PHY-1001 : Stage 2.4.1.4 | Commit Data
PHY-1001 : Commit better result to database ...
PHY-1001 : 98 feed throughs used by 73 nets
PHY-1001 : End Stage 2.4.1.4 | Commit Data; Time: 0.274803s wall, 0.281250s user + 0.000000s system = 0.281250s CPU (102.3%); Memory(MB): used = 633, reserved = 624, peak = 633;

PHY-1001 : End Stage 2.4.1 | Phase 1; Time: 1.503938s wall, 1.593750s user + 0.000000s system = 1.593750s CPU (106.0%); Memory(MB): used = 633, reserved = 624, peak = 633;

PHY-1001 : Stage 2.4.2 | Phase 2
PHY-1001 : Stage 2.4.2.1 | Setup TimeOptimization
PHY-1001 : Start to optimize setup violation with net base ...
PHY-1001 : Iter 1; Processed 13 pins with SWNS -6.699ns STNS -292.886ns FEP 66 took 0.0550615 seconds.
PHY-1001 : len = 465768, over cnt = 7(0%), over = 7, worst = 1, crit = 0
PHY-1001 : End Stage 2.4.2.1 | Setup TimeOptimization; Time: 0.082549s wall, 0.078125s user + 0.000000s system = 0.078125s CPU (94.6%); Memory(MB): used = 633, reserved = 624, peak = 633;

PHY-1001 : Stage 2.4.2.2 | Rip-up And ReRoute
PHY-0007 : Congestion: {38.71, 33.37, 30.69, 28.98}; Timing: {-6.699ns, -292.886ns, 66}
PHY-1001 : Iter 1: len = 465728, over cnt = 0(0%), over = 0, worst = 0, crit = 0, time(s) = 0.01
PHY-1001 : End Stage 2.4.2.2 | Rip-up And ReRoute; Time: 0.029140s wall, 0.234375s user + 0.000000s system = 0.234375s CPU (804.3%); Memory(MB): used = 633, reserved = 624, peak = 633;

PHY-1001 : Stage 2.4.2.3 | Update Timing
RUN-1002 : start command "start_timer"
PHY-1001 : 39/5857(0%) critical/total net(s).
PHY-1001 : Setup: WNS(ns) = -6.699, TNS(ns) = -293.959, FEP = 73 | Hold: WNS(ns) = -1.367, TNS(ns) = -1.452, FEP = 7.
PHY-1001 : End Stage 2.4.2.3 | Update Timing; Time: 0.595066s wall, 0.578125s user + 0.000000s system = 0.578125s CPU (97.2%); Memory(MB): used = 633, reserved = 624, peak = 633;

PHY-1001 : Stage 2.4.2.4 | Commit Data
PHY-1001 : Don't need to commit to database ...
PHY-1001 : End Stage 2.4.2.4 | Commit Data; Time: 0.001879s wall, 0.000000s user + 0.000000s system = 0.000000s CPU (n/a%); Memory(MB): used = 633, reserved = 624, peak = 633;

PHY-1001 : End Stage 2.4.2 | Phase 2; Time: 0.733333s wall, 0.921875s user + 0.000000s system = 0.921875s CPU (125.7%); Memory(MB): used = 633, reserved = 624, peak = 633;

PHY-1001 : End Stage 2.4 | Routing Optimization; Time: 2.623407s wall, 2.890625s user + 0.000000s system = 2.890625s CPU (110.2%); Memory(MB): used = 633, reserved = 624, peak = 633;

PHY-1003 : Routed, final wirelength = 465728
RUN-1002 : start command "export_db HDMI1.4b_Transmitter_v1.0_pr.db"
RUN-1001 : Exported flow parameters
RUN-1001 : Exported /
RUN-1001 : Exported libs
RUN-1001 : Exported entities
RUN-1001 : Exported ports
RUN-1001 : Exported pins
RUN-1001 : Exported instances
RUN-1001 : Exported nets
RUN-1001 : Exported buses
RUN-1001 : Exported models
RUN-1001 : Exported phy database
RUN-1001 : Exported packer
RUN-1001 : Exported congestions
RUN-1001 : Exported violations
RUN-1001 : Exported ATMR Setting
RUN-1001 : Exported timing constraints
RUN-1001 : Exported IO constraints
RUN-1001 : Exported Inst constraints
RUN-1001 : Exported ChipWatcher
PHY-1001 : Current memory(MB): used = 660, reserved = 770, peak = 661.
PHY-1001 : End export database. 0.186400s wall, 0.187500s user + 0.015625s system = 0.203125s CPU (109.0%)

PHY-1001 : End detail routing;  12.156067s wall, 15.687500s user + 0.437500s system = 16.125000s CPU (132.6%)

PHY-1001 : End Stage 2 | Detail Routing; Time: 12.156158s wall, 15.687500s user + 0.437500s system = 16.125000s CPU (132.6%); Memory(MB): used = 660, reserved = 770, peak = 661;

PHY-1001 : Stage 3 | Hold Fix
RUN-1002 : start command "start_timer"
RUN-1001 : fix hold violation on net video_timing_data_m0/read_req endpin frame_read_write_m0/frame_fifo_read_m0/read_req_d0_reg_syn_4.mi[1] slack -1367ps
RUN-1001 : 3 hold-buffer to be created.
RUN-1001 : fix hold violation on net frame_read_write_m0/read_buf/wr_addr[8] endpin frame_read_write_m0/read_buf/ram_inst/ramread0_syn_26.addra[11] slack -12ps
RUN-1001 : 1 hold-buffer to be created.
RUN-1001 : fix hold violation on net frame_read_write_m0/read_buf/wr_addr[1] endpin frame_read_write_m0/read_buf/ram_inst/ramread0_syn_26.addra[4] slack -20ps
RUN-1001 : 1 hold-buffer to be created.
RUN-1001 : fix hold violation on net u_hdmi_1_4b_transmitter_core_wrapper/u_hdmi_tx_controller_wrapper/u_hdmi_island_data_gen/U_audio_sample_packet_2_channel/u_w96_d1024_fifo/I_fifo_wr_data[0] endpin u_hdmi_1_4b_transmitter_core_wrapper/u_hdmi_tx_controller_wrapper/u_hdmi_island_data_gen/U_audio_sample_packet_2_channel/u_w96_d1024_fifo/u_logic_ramfifo_syn_524.dia[0] slack -20ps
RUN-1001 : 1 hold-buffer to be created.
RUN-1001 : fix hold violation on net u_hdmi_1_4b_transmitter_core_wrapper/u_hdmi_tx_controller_wrapper/u_hdmi_island_data_gen/U_audio_sample_packet_2_channel/u_w96_d1024_fifo/I_fifo_wr_data[10] endpin u_hdmi_1_4b_transmitter_core_wrapper/u_hdmi_tx_controller_wrapper/u_hdmi_island_data_gen/U_audio_sample_packet_2_channel/u_w96_d1024_fifo/u_logic_ramfifo_syn_534.dia[1] slack -11ps
RUN-1001 : 1 hold-buffer to be created.
RUN-1001 : fix hold violation on net u_hdmi_1_4b_transmitter_core_wrapper/u_hdmi_tx_controller_wrapper/u_hdmi_island_data_gen/U_audio_sample_packet_2_channel/u_w96_d1024_fifo/u_logic_ramfifo_syn_23 endpin u_hdmi_1_4b_transmitter_core_wrapper/u_hdmi_tx_controller_wrapper/u_hdmi_island_data_gen/U_audio_sample_packet_2_channel/u_w96_d1024_fifo/u_logic_ramfifo_syn_544.addrb[3] slack -12ps
RUN-1001 : 1 hold-buffer to be created.
RUN-1001 : fix hold violation on net u_hdmi_1_4b_transmitter_core_wrapper/u_hdmi_tx_controller_wrapper/u_hdmi_island_data_gen/U_audio_sample_packet_2_channel/u_w96_d1024_fifo/I_fifo_wr_data[44] endpin u_hdmi_1_4b_transmitter_core_wrapper/u_hdmi_tx_controller_wrapper/u_hdmi_island_data_gen/U_audio_sample_packet_2_channel/u_w96_d1024_fifo/u_logic_ramfifo_syn_564.dia[8] slack -11ps
RUN-1001 : 1 hold-buffer to be created.
RUN-1001 : fix hold violation on net u_hdmi_1_4b_transmitter_core_wrapper/u_hdmi_tx_controller_wrapper/u_video_axi_stream_receiver/u_w24_d1024_fifo/u_logic_ramfifo_syn_5 endpin u_hdmi_1_4b_transmitter_core_wrapper/u_hdmi_tx_controller_wrapper/u_video_axi_stream_receiver/u_w24_d1024_fifo/u_logic_ramfifo_syn_400.addra[7] slack -11ps
RUN-1001 : 1 hold-buffer to be created.
PHY-1001 : Populate physical database on model top.
8.000000
40.000000
10.000000
8.000000
-----------------------------------------------------------
| QoR metrics               |         value               |
-----------------------------------------------------------
| Timing                    |                             |
|     Setup WNS             |        -6693                |
|     Setup TNS             |      -294560                |
|     Num of violated S-EP  |           80                |
|     FMAX                  |    68.060MHz                |
|     SWNS path clock period |       8000ps                |
|     Hold WNS              |          -11                |
|     Hold TNS              |          -99                |
|     Num of violated H-EP  |            9                |
-----------------------------------------------------------
| Routing Resource          |                             |
|     Wire length           |       218318                |
-----------------------------------------------------------
| Utilization               |                             |
|     #slices               |         2746                |
|     slices percentage     |       28.02%                |
|     #RAMs                 |           20                |
|     #DSPs                 |            0                |
|     #DRAMHARDCON          |            0                |
-----------------------------------------------------------
| Congestion                |                             |
|     Top 1% tile util      |           33                |
|     Top 1% tile avg util  |       36.34%                |
|     Over 100% util #tile  |            0                |
-----------------------------------------------------------
Report place stage QoR done.


8.000000
40.000000
10.000000
8.000000
    SWNS [   incr ]     STNS [    incr ]  S-FEPS [   incr ]    HWNS [   incr ]      HTNS [     incr ]    H-FEPS [     incr ]    CELL [   incr ]      WL [   incr ]   RT(s) [   incr ]   MEM(mb) [     incr ]
   -6699 [      0 ]  -294102 [       0 ]      70 [      0 ]   -1367 [      0 ]     -1452 [        0 ]         7 [        0 ]    2866 [      0 ]  463872 [      0 ]      10 [      0 ]       607 [        0 ] : dr_initialization
   -6699 [      0 ]  -292886 [    1216 ]      66 [     -4 ]   -1367 [      0 ]     -1452 [        0 ]         7 [        0 ]    2866 [      0 ]  463632 [   -240 ]      10 [      0 ]       611 [        4 ] : dr_timing_opt_phase1
   -6699 [      0 ]  -293216 [    -330 ]      70 [      4 ]   -1367 [      0 ]     -1452 [        0 ]         7 [        0 ]    2866 [      0 ]  465720 [   2088 ]      12 [      2 ]       633 [       22 ] : dr_opt_phase1
   -6699 [      0 ]  -292886 [     330 ]      66 [     -4 ]   -1367 [      0 ]     -1452 [        0 ]         7 [        0 ]    2866 [      0 ]  465768 [     48 ]      12 [      0 ]       633 [        0 ] : dr_timing_opt_phase2
   -6699 [      0 ]  -293959 [   -1073 ]      73 [      7 ]   -1367 [      0 ]     -1452 [        0 ]         7 [        0 ]    2866 [      0 ]  465728 [    -40 ]      12 [      0 ]       633 [        0 ] : dr_opt_phase2
   -6699 [      0 ]  -293959 [       0 ]      73 [      0 ]   -1367 [      0 ]     -1452 [        0 ]         7 [        0 ]    2866 [      0 ]  465728 [      0 ]      12 [      0 ]       633 [        0 ] : multi_try_opt
   -6699 [      0 ]  -293216 [     743 ]      70 [     -3 ]       3 [   1370 ]         0 [     1452 ]         0 [       -7 ]    2876 [     10 ]  465944 [    216 ]       1 [    -11 ]       662 [       29 ] : ECO: dr_initialization
   -6699 [      0 ]  -293216 [       0 ]      70 [      0 ]       3 [      0 ]         0 [        0 ]         0 [        0 ]    2876 [      0 ]  465944 [      0 ]       2 [      1 ]       662 [        0 ] : ECO: dr_timing_opt_phase1
   -6699 [      0 ]  -293216 [       0 ]      70 [      0 ]       3 [      0 ]         0 [        0 ]         0 [        0 ]    2876 [      0 ]  465960 [     16 ]       2 [      0 ]       662 [        0 ] : ECO: dr_opt_phase1
   -6699 [      0 ]  -293216 [       0 ]      70 [      0 ]       3 [      0 ]         0 [        0 ]         0 [        0 ]    2876 [      0 ]  465960 [      0 ]       2 [      0 ]       662 [        0 ] : ECO: dr_timing_opt_phase2
   -6699 [      0 ]  -293216 [       0 ]      70 [      0 ]       3 [      0 ]         0 [        0 ]         0 [        0 ]    2876 [      0 ]  465960 [      0 ]       3 [      1 ]       662 [        0 ] : ECO: dr_opt_phase2
   -6699 [      0 ]  -293216 [       0 ]      70 [      0 ]       3 [      0 ]         0 [        0 ]         0 [        0 ]    2876 [      0 ]  465960 [      0 ]       3 [      0 ]       662 [        0 ] : ECO: multi_try_opt
   -6699 [      0 ]  -293216 [       0 ]      70 [      0 ]       3 [      0 ]         0 [        0 ]         0 [        0 ]    2876 [      0 ]  465960 [      0 ]       4 [      1 ]       662 [        0 ] : ECO: fix_hold_opt

RUN-1002 : start command "start_timer"
RUN-1001 : All hold violations are fixed.
PHY-1001 : Stage 6 | Report Route Qor
RUN-1002 : start command "report_qor -step route -file route.qor"
RUN-1002 : start command "start_timer"
-----------------------------------------------------------
| QoR metrics               |         value               |
-----------------------------------------------------------
| Timing                    |                             |
|     Setup WNS             |        -6699                |
|     Setup TNS             |      -293216                |
|     Num of violated S-EP  |           70                |
|     Hold WNS              |            3                |
|     Hold TNS              |            0                |
|     Num of violated H-EP  |            0                |
-----------------------------------------------------------
| Routing Resource          |                             |
|     Wire length           |       465960                |
-----------------------------------------------------------
| Utilization               |                             |
|     #slices               |         2746                |
|     slices percentage     |       28.02%                |
|     #RAMs                 |           20                |
|     #DSPs                 |            0                |
|     #DRAMHARDCON          |            0                |
-----------------------------------------------------------
Report route stage QoR done.

RUN-1002 : start command "update_timing -mode final"
RUN-1002 : start command "start_timer"
RUN-1002 : start command "report_timing_summary -file final_timing.rpt"
OPT-1001 : QoR tracer report on route step:
    SWNS [   incr ]     STNS [    incr ]  S-FEPS [   incr ]    HWNS [   incr ]      HTNS [     incr ]    H-FEPS [     incr ]    CELL [   incr ]      WL [   incr ]   RT(s) [   incr ]   MEM(mb) [     incr ]
   -6699 [      0 ]  -294102 [       0 ]      70 [      0 ]   -1367 [      0 ]     -1452 [        0 ]         7 [        0 ]    2866 [      0 ]  463872 [      0 ]      10 [      0 ]       607 [        0 ] : dr_initialization
   -6699 [      0 ]  -292886 [    1216 ]      66 [     -4 ]   -1367 [      0 ]     -1452 [        0 ]         7 [        0 ]    2866 [      0 ]  463632 [   -240 ]      10 [      0 ]       611 [        4 ] : dr_timing_opt_phase1
   -6699 [      0 ]  -293216 [    -330 ]      70 [      4 ]   -1367 [      0 ]     -1452 [        0 ]         7 [        0 ]    2866 [      0 ]  465720 [   2088 ]      12 [      2 ]       633 [       22 ] : dr_opt_phase1
   -6699 [      0 ]  -292886 [     330 ]      66 [     -4 ]   -1367 [      0 ]     -1452 [        0 ]         7 [        0 ]    2866 [      0 ]  465768 [     48 ]      12 [      0 ]       633 [        0 ] : dr_timing_opt_phase2
   -6699 [      0 ]  -293959 [   -1073 ]      73 [      7 ]   -1367 [      0 ]     -1452 [        0 ]         7 [        0 ]    2866 [      0 ]  465728 [    -40 ]      12 [      0 ]       633 [        0 ] : dr_opt_phase2
   -6699 [      0 ]  -293959 [       0 ]      73 [      0 ]   -1367 [      0 ]     -1452 [        0 ]         7 [        0 ]    2866 [      0 ]  465728 [      0 ]      12 [      0 ]       633 [        0 ] : multi_try_opt
   -6699 [      0 ]  -293216 [     743 ]      70 [     -3 ]       3 [   1370 ]         0 [     1452 ]         0 [       -7 ]    2876 [     10 ]  465944 [    216 ]       1 [    -11 ]       662 [       29 ] : ECO: dr_initialization
   -6699 [      0 ]  -293216 [       0 ]      70 [      0 ]       3 [      0 ]         0 [        0 ]         0 [        0 ]    2876 [      0 ]  465944 [      0 ]       2 [      1 ]       662 [        0 ] : ECO: dr_timing_opt_phase1
   -6699 [      0 ]  -293216 [       0 ]      70 [      0 ]       3 [      0 ]         0 [        0 ]         0 [        0 ]    2876 [      0 ]  465960 [     16 ]       2 [      0 ]       662 [        0 ] : ECO: dr_opt_phase1
   -6699 [      0 ]  -293216 [       0 ]      70 [      0 ]       3 [      0 ]         0 [        0 ]         0 [        0 ]    2876 [      0 ]  465960 [      0 ]       2 [      0 ]       662 [        0 ] : ECO: dr_timing_opt_phase2
   -6699 [      0 ]  -293216 [       0 ]      70 [      0 ]       3 [      0 ]         0 [        0 ]         0 [        0 ]    2876 [      0 ]  465960 [      0 ]       3 [      1 ]       662 [        0 ] : ECO: dr_opt_phase2
   -6699 [      0 ]  -293216 [       0 ]      70 [      0 ]       3 [      0 ]         0 [        0 ]         0 [        0 ]    2876 [      0 ]  465960 [      0 ]       3 [      0 ]       662 [        0 ] : ECO: multi_try_opt
   -6699 [      0 ]  -293216 [       0 ]      70 [      0 ]       3 [      0 ]         0 [        0 ]         0 [        0 ]    2876 [      0 ]  465960 [      0 ]       4 [      1 ]       662 [        0 ] : ECO: fix_hold_opt
   -6699 [      0 ]  -293216 [       0 ]      70 [      0 ]       3 [      0 ]         0 [        0 ]         0 [        0 ]    2876 [      0 ]  465960 [      0 ]      21 [     17 ]       662 [        0 ] : ECO: fix_hold_opt

PHY-1001 : End Stage 6 | Report Route Qor; Time: 1.170918s wall, 1.140625s user + 0.015625s system = 1.156250s CPU (98.7%); Memory(MB): used = 646, reserved = 754, peak = 662;

PHY-1001 : Stage 7 | Routing DRC
PHY-1001 : Start multi-drive drc check......
PHY-1001 : No multi-drive.
PHY-1001 : Stage 7.1 | Clock Net Status Check
PHY-1001 : 1 clock net(s) utilize local routing resource.
PHY-5079 CRITICAL-WARNING: Marked 1 clock net(s) utilize the local routing resources. Please check log message and the sinks of clock nets.
RUN-1001 : CTS Local Wire Summary
RUN-1001 : --------------------------------------------------------------------------------------------------------------------
RUN-1001 :            ClockName            |  DriverType  |  Clock/Fanout  |  LocalWireNum  |        NetName        |  Marked  
RUN-1001 : --------------------------------------------------------------------------------------------------------------------
RUN-1001 :   sys_pll_m0/pll_inst.clkc[2]   |  AL_PHY_PLL  |      0/1       |       1        |  U3/u2_ram/SDRAM_CLK  |   true   
RUN-1001 : --------------------------------------------------------------------------------------------------------------------
PHY-1001 : End Stage 7.1 | Clock Net Status Check; Time: 0.000686s wall, 0.000000s user + 0.000000s system = 0.000000s CPU (n/a%); Memory(MB): used = 646, reserved = 754, peak = 662;

PHY-1001 : Stage 7.2 | Abnormal Timing Path check
PHY-1001 : No abnormal timing path.
PHY-1001 : End Stage 7.2 | Abnormal Timing Path check; Time: 0.022437s wall, 0.015625s user + 0.000000s system = 0.015625s CPU (69.6%); Memory(MB): used = 646, reserved = 754, peak = 662;

PHY-1001 : End Stage 7 | Routing DRC; Time: 0.044088s wall, 0.031250s user + 0.000000s system = 0.031250s CPU (70.9%); Memory(MB): used = 646, reserved = 754, peak = 662;

RUN-1003 : finish command "route" in  22.481634s wall, 25.859375s user + 0.609375s system = 26.468750s CPU (117.7%)

RUN-1004 : used memory is 646 MB, reserved memory is 754 MB, peak memory is 662 MB
RUN-1002 : start command "report_area -io_info -file HDMI1.4b_Transmitter_v1.0_phy.area"
RUN-1001 : standard
***Report Model: top Device: EG4S20BG256***

IO Statistics
#IO                        28   out of    188   14.89%
  #input                    5
  #output                  22
  #inout                    1

Utilization Statistics
#lut                     3971   out of  19600   20.26%
#reg                     3790   out of  19600   19.34%
#le                      5137
  #lut only              1347   out of   5137   26.22%
  #reg only              1166   out of   5137   22.70%
  #lut&reg               2624   out of   5137   51.08%
#bram                      20   out of     64   31.25%
  #bram9k                  20
  #fifo9k                   0
#bram32k                    0   out of     16    0.00%
#dsp                        0   out of     29    0.00%
#pad                       32   out of    188   17.02%
  #ireg                     2
  #oreg                    21
  #treg                     1
#pll                        3   out of      4   75.00%
#gclk                       3   out of     16   18.75%


DataNet Average Fanout:

   Index     Fanout    Nets  
    #1         1       4406  
    #2         2       806   
    #3         3       361   
    #4         4       222   
    #5        5-10     369   
    #6       11-50     177   
    #7       51-100     13   
    #8        >500      1    
  Average     2.46           

RUN-1002 : start command "update_timing -mode final"
RUN-1002 : start command "start_timer"
RUN-1002 : start command "report_timing_status -file HDMI1.4b_Transmitter_v1.0_phy.ts"
RUN-1002 : start command "report_timing_summary -file HDMI1.4b_Transmitter_v1.0_pr.timing"
RUN-1002 : start command "report_timing_exception -file HDMI1.4b_Transmitter_v1.0_exception.timing"
RUN-1002 : start command "flow_status -file route_flow.status"
Location         : C:\Users\zbrmyyds\Desktop\anlu\FPGA_Prj\I2S\transmitor\APUG092_HDMI1.4b_Transmitter_V1.4\src\td_project\HDMI1.4b_Transmitter_v1.0_Runs\phy_1
Running with     : Tang Dynasty v6.2.168116
                   Copyright (c) 2012-2025 Anlogic Inc.
Top Model        : top
Device           : EG4S20BG256
Speed            : NA

Timing Mode      : final
Setup            : WNS -6699ps  TNS  -293216ps  NUM_FEPS    70
Hold             : WNS     3ps  TNS        0ps  NUM_FEPS     0

Flow Statistics  :
RUN-1001 : Flow Statistics:
RUN-1001 : --------------------------------------------------------------------------------------------------
RUN-1001 :      command     |  #calls  |  wall time  |  cpu time(s)  |  used memory(mb)  |  peak memory(mb)  
RUN-1001 : --------------------------------------------------------------------------------------------------
RUN-1001 :       route      |    2     |  27s(75%)   |    30(63%)    |        646        |        662        
RUN-1001 :       place      |    2     |   9s(25%)   |    17(36%)    |        661        |        661        
RUN-1001 :     import_db    |    1     |   0s(0%)    |     0(0%)     |        156        |        156        
RUN-1001 :   import_device  |    1     |   0s(0%)    |     0(0%)     |        83         |        83         
RUN-1001 : --------------------------------------------------------------------------------------------------
RUN-1001 :       total      |    6     |     36s     |      47       |        661        |        662        
RUN-1001 : --------------------------------------------------------------------------------------------------
RUN-1002 : start command "report_clock_utilization -file route_clock_utilization.txt"
RUN-1001 : Device not support command report_clock_utilization.
RUN-1002 : start command "export_db HDMI1.4b_Transmitter_v1.0_pr.db"
RUN-1001 : Exported flow parameters
RUN-1001 : Exported /
RUN-1001 : Exported libs
RUN-1001 : Exported entities
RUN-1001 : Exported ports
RUN-1001 : Exported pins
RUN-1001 : Exported instances
RUN-1001 : Exported nets
RUN-1001 : Exported buses
RUN-1001 : Exported models
RUN-1001 : Exported phy database
RUN-1001 : Exported packer
RUN-1001 : Exported congestions
RUN-1001 : Exported violations
RUN-1001 : Exported ATMR Setting
RUN-1001 : Exported timing constraints
RUN-1001 : Exported IO constraints
RUN-1001 : Exported Inst constraints
RUN-1001 : Exported ChipWatcher
RUN-1002 : start command "commit_param -step bitgen"
RUN-1001 : Print Global Property
RUN-1001 : --------------------------------------------------------
RUN-1001 :   Parameters   |  Settings  |  Default Values  |  Note  
RUN-1001 : --------------------------------------------------------
RUN-1001 :   enable_seed  |    off     |       off        |        
RUN-1001 :     message    |  standard  |     standard     |        
RUN-1001 :   qor_monitor  |     on     |        on        |        
RUN-1001 :   syn_ip_flow  |    off     |       off        |        
RUN-1001 :     thread     |    auto    |       auto       |        
RUN-1001 : --------------------------------------------------------
RUN-1001 : Print Bitgen Property
RUN-1001 : -------------------------------------------------------------
RUN-1001 :      Parameters     |  Settings  |  Default Values  |  Note  
RUN-1001 : -------------------------------------------------------------
RUN-1001 :         bin         |    off     |       off        |        
RUN-1001 :       gen_mask      |    off     |       off        |        
RUN-1001 :      time_info      |     on     |        on        |        
RUN-1001 :   unused_io_status  |   pullup   |      pullup      |        
RUN-1001 :       version       |    0x00    |       0x00       |        
RUN-1001 : -------------------------------------------------------------
RUN-1002 : start command "bitgen -bit HDMI1.4b_Transmitter_v1.0.bit"
RUN-1002 : start command "export_bid HDMI1.4b_Transmitter_v1.0_inst.bid"
BIT-1003 : Start to generate bitstream. 
BIT-1002 : Init instances with 20 threads.
BIT-1002 : Init instances completely, inst num: 2862
BIT-1002 : Init pips with 20 threads.
BIT-1002 : Init pips completely, net num: 5865, pip num: 48946
BIT-1002 : Init feedthrough with 20 threads.
BIT-1002 : Init feedthrough completely, num: 98
BIT-1003 : Multithreading accelaration with 20 threads.
BIT-1003 : Generate bitstream completely, there are 145073 bits set as '1'.
BIT-1004 : PLL setting string = 0111
BIT-1004 : Generate bits file HDMI1.4b_Transmitter_v1.0.bit.
RUN-1003 : finish command "bitgen -bit HDMI1.4b_Transmitter_v1.0.bit" in  1.198997s wall, 14.406250s user + 0.890625s system = 15.296875s CPU (1275.8%)

RUN-1004 : used memory is 647 MB, reserved memory is 770 MB, peak memory is 662 MB
RUN-1002 : start command "setup_debugger"
RUN-1002 : start command "export_bitgen_param -file .bitgen_param.f"
RUN-1002 : start command "export_flow_status -s opt_place -e bitgen"
RUN-1002 : start command "flow_status"

Location         : C:\Users\zbrmyyds\Desktop\anlu\FPGA_Prj\I2S\transmitor\APUG092_HDMI1.4b_Transmitter_V1.4\src\td_project\HDMI1.4b_Transmitter_v1.0_Runs\phy_1
Running with     : Tang Dynasty v6.2.168116
                   Copyright (c) 2012-2025 Anlogic Inc.
Top Model        : top
Device           : EG4S20BG256
Speed            : NA

Timing Mode      : final
Setup            : WNS -6699ps  TNS  -293216ps  NUM_FEPS    70
Hold             : WNS     3ps  TNS        0ps  NUM_FEPS     0

RUN-1001 : Flow Statistics:
RUN-1001 : --------------------------------------------------------------------------------------------------
RUN-1001 :      command     |  #calls  |  wall time  |  cpu time(s)  |  used memory(mb)  |  peak memory(mb)  
RUN-1001 : --------------------------------------------------------------------------------------------------
RUN-1001 :       route      |    2     |  27s(72%)   |    30(49%)    |        646        |        662        
RUN-1001 :       place      |    2     |   9s(24%)   |    17(27%)    |        661        |        661        
RUN-1001 :      bitgen      |    1     |   1s(2%)    |    14(22%)    |        647        |        662        
RUN-1001 :     import_db    |    1     |   0s(0%)    |     0(0%)     |        156        |        156        
RUN-1001 :   import_device  |    1     |   0s(0%)    |     0(0%)     |        83         |        83         
RUN-1001 : --------------------------------------------------------------------------------------------------
RUN-1001 :       total      |    7     |     37s     |      61       |        661        |        662        
RUN-1001 : --------------------------------------------------------------------------------------------------
