============================================================
   Tang Dynasty, V6.2.168116
   Copyright (c) 2012-2025 Anlogic Inc.
   Executable = D:/Tools/Anlogic/TD_6.2/bin/td.exe
   Built at =   16:32:07 Jun 12 2025
   Run by =     zbrmyyds
   Run Date =   Fri Jun  5 15:00:17 2026

   Run on =     LAPTOP-ER898QR8
============================================================
PRJ-1409 : launch_runs syn_1 phy_1  -jobs 6.
PRJ-1410 : Run syn_1 success.
RUN-1002 : start command "save_best_bits"
PRJ-1424 : The implemented result of phy_1 is saved as best result.
PRJ-1410 : Run phy_1 success.
RUN-1002 : start command "import_db C:/Users/zbrmyyds/Desktop/anlu/anlu_exam_title/HDMI1.4b_Transmitter/lab_ex5_i2s/src/td_project/lab_ex5_i2s_v1.0_Runs/phy_1/lab_ex5_i2s_v1.0_pr.db"
RUN-1001 : Importing database generated by Tang Dynasty, V6.2.168116.
RUN-1001 : Database version number 46207
RUN-1001 : Import flow parameters
RUN-1001 : Import netlist
PHY-1001 : Generate detailed routing grids ...
PHY-1001 : End build routing graph; 2.740387s wall, 2.593750s user + 0.234375s system = 2.828125s CPU (103.2%)

PHY-1001 : Build lut bridge;  0.045417s wall, 0.046875s user + 0.000000s system = 0.046875s CPU (103.2%)

PHY-1001 : Generate nets ...
PHY-1001 : net clk_dup_1 will be routed on clock mesh
PHY-1001 : net U3/u2_ram/SDRAM_CLK will be routed on clock mesh
PHY-1001 : net U3/u2_ram/u1_init_ref/Sdr_clk will be routed on clock mesh
PHY-1001 : clock net sd_card_bmp_m0/clk will be merged with clock sys_pll_m0/clk0_buf
PHY-1001 : net u_hdmi_audio_tone_i2s_64fs/I_mclk will be routed on clock mesh
PHY-1001 : clock net u_I2S_receiver/I_clk will be merged with clock video_pll_m0/clk0_buf
PHY-1001 : clock net u_audio_pll/clk0_out will be merged with clock u_audio_pll/clk0_buf
PHY-1001 : net u_hdmi2phy_wrapper/u0_lane_lvds_8_1/I_serial_clk will be routed on clock mesh
PHY-1001 : eco open net = 0
PHY-1001 : 98 feed throughs used by 73 nets
RUN-1001 : Import phy database
RUN-1001 : Import timing constraints
RUN-1001 : Import IO constraints
RUN-1001 : Import Inst constraints
RUN-1001 : Import ChipWatcher
RUN-1001 : Import design success TD_VERSION=6.2.168116 , DB_VERSION=46207
RUN-1003 : finish command "import_db C:/Users/zbrmyyds/Desktop/anlu/anlu_exam_title/HDMI1.4b_Transmitter/lab_ex5_i2s/src/td_project/lab_ex5_i2s_v1.0_Runs/phy_1/lab_ex5_i2s_v1.0_pr.db" in  4.201060s wall, 3.906250s user + 0.437500s system = 4.343750s CPU (103.4%)

RUN-1004 : used memory is 604 MB, reserved memory is 562 MB, peak memory is 669 MB
RUN-1002 : start command "commit_param -step design"
RUN-1001 : Print Global Property
RUN-1001 : --------------------------------------------------------
RUN-1001 :   Parameters   |  Settings  |  Default Values  |  Note  
RUN-1001 : --------------------------------------------------------
RUN-1001 :   enable_seed  |    off     |       off        |        
RUN-1001 :     message    |  standard  |     standard     |        
RUN-1001 :   qor_monitor  |     on     |        on        |        
RUN-1001 :   syn_ip_flow  |    off     |       off        |        
RUN-1001 :     thread     |    auto    |       auto       |        
RUN-1001 : --------------------------------------------------------
RUN-1001 : Print Design Property
RUN-1001 : ----------------------------------------------------------------
RUN-1001 :       Parameters       |  Settings  |  Default Values  |  Note  
RUN-1001 : ----------------------------------------------------------------
RUN-1001 :   default_reg_initial  |    auto    |       auto       |        
RUN-1001 :    hdl_warning_level   |   normal   |      normal      |        
RUN-1001 : ----------------------------------------------------------------
HDL-1007 : analyze verilog file ../user_source/hdl_source/ip/afifo_16_32_256.v
HDL-1007 : analyze verilog file ../user_source/hdl_source/ip/afifo_32_16_256.v
HDL-1007 : analyze verilog file ../user_source/hdl_source/ip/sys_pll.v
HDL-1007 : undeclared symbol 'open', assumed default net type 'wire' in ../user_source/hdl_source/ip/sys_pll.v(77)
HDL-1007 : analyze verilog file ../user_source/hdl_source/ip/video_pll.v
HDL-1007 : undeclared symbol 'open', assumed default net type 'wire' in ../user_source/hdl_source/ip/video_pll.v(70)
HDL-1007 : analyze verilog file al_ip/AUDIO_SAMPLE_ROM.v
HDL-1007 : analyze verilog file al_ip/PLL.v
HDL-1007 : undeclared symbol 'PLL_open0', assumed default net type 'wire' in al_ip/PLL.v(78)
HDL-1007 : undeclared symbol 'PLL_open8', assumed default net type 'wire' in al_ip/PLL.v(84)
HDL-1007 : undeclared symbol 'PLL_open7', assumed default net type 'wire' in al_ip/PLL.v(84)
HDL-1007 : undeclared symbol 'PLL_open6', assumed default net type 'wire' in al_ip/PLL.v(84)
HDL-1007 : undeclared symbol 'PLL_open5', assumed default net type 'wire' in al_ip/PLL.v(84)
HDL-1007 : undeclared symbol 'PLL_open4', assumed default net type 'wire' in al_ip/PLL.v(84)
HDL-1007 : undeclared symbol 'PLL_open3', assumed default net type 'wire' in al_ip/PLL.v(84)
HDL-1007 : undeclared symbol 'PLL_open2', assumed default net type 'wire' in al_ip/PLL.v(84)
HDL-1007 : undeclared symbol 'PLL_open1', assumed default net type 'wire' in al_ip/PLL.v(84)
HDL-1007 : undeclared symbol 'PLL_open11', assumed default net type 'wire' in al_ip/PLL.v(86)
HDL-1007 : undeclared symbol 'PLL_open10', assumed default net type 'wire' in al_ip/PLL.v(86)
HDL-1007 : undeclared symbol 'PLL_open9', assumed default net type 'wire' in al_ip/PLL.v(86)
HDL-1007 : analyze verilog file al_ip/PLL_HDMI_AUDIO.v
HDL-1007 : undeclared symbol 'PLL_HDMI_AUDIO_open0', assumed default net type 'wire' in al_ip/PLL_HDMI_AUDIO.v(85)
HDL-1007 : undeclared symbol 'PLL_HDMI_AUDIO_open8', assumed default net type 'wire' in al_ip/PLL_HDMI_AUDIO.v(91)
HDL-1007 : undeclared symbol 'PLL_HDMI_AUDIO_open7', assumed default net type 'wire' in al_ip/PLL_HDMI_AUDIO.v(91)
HDL-1007 : undeclared symbol 'PLL_HDMI_AUDIO_open6', assumed default net type 'wire' in al_ip/PLL_HDMI_AUDIO.v(91)
HDL-1007 : undeclared symbol 'PLL_HDMI_AUDIO_open5', assumed default net type 'wire' in al_ip/PLL_HDMI_AUDIO.v(91)
HDL-1007 : undeclared symbol 'PLL_HDMI_AUDIO_open4', assumed default net type 'wire' in al_ip/PLL_HDMI_AUDIO.v(91)
HDL-1007 : undeclared symbol 'PLL_HDMI_AUDIO_open3', assumed default net type 'wire' in al_ip/PLL_HDMI_AUDIO.v(91)
HDL-1007 : undeclared symbol 'PLL_HDMI_AUDIO_open2', assumed default net type 'wire' in al_ip/PLL_HDMI_AUDIO.v(91)
HDL-1007 : undeclared symbol 'PLL_HDMI_AUDIO_open1', assumed default net type 'wire' in al_ip/PLL_HDMI_AUDIO.v(91)
HDL-1007 : undeclared symbol 'PLL_HDMI_AUDIO_open10', assumed default net type 'wire' in al_ip/PLL_HDMI_AUDIO.v(93)
HDL-1007 : undeclared symbol 'PLL_HDMI_AUDIO_open9', assumed default net type 'wire' in al_ip/PLL_HDMI_AUDIO.v(93)
HDL-1007 : analyze verilog file ../user_source/hdl_source/video_source_test.v
HDL-1007 : analyze verilog file ../user_source/hdl_source/key_remove_shakes.v
HDL-1007 : analyze verilog file ../user_source/hdl_source/I2S_receiver.v
HDL-1007 : analyze verilog file ../user_source/hdl_source/audio_arc_calculate.v
HDL-1007 : analyze verilog file ../user_source/hdl_source/hdmi_phy_warpper.v
HDL-1007 : analyze verilog file ../user_source/hdl_source/lane_lvds_10_1.v
HDL-1007 : analyze verilog file ../user_source/hdl_source/hdmi1.4b_transmitter_core/hdmi_1_4b_transmitter_core_wrapper.enc.v
HDL-1007 : undeclared symbol '**', assumed default net type '**' in ../user_source/hdl_source/hdmi1.4b_transmitter_core/hdmi_1_4b_transmitter_core_wrapper.enc.v(2614)
HDL-1007 : undeclared symbol '**', assumed default net type '**' in ../user_source/hdl_source/hdmi1.4b_transmitter_core/hdmi_1_4b_transmitter_core_wrapper.enc.v(2716)
HDL-1007 : undeclared symbol '**', assumed default net type '**' in ../user_source/hdl_source/hdmi1.4b_transmitter_core/hdmi_1_4b_transmitter_core_wrapper.enc.v(2724)
HDL-1007 : undeclared symbol '**', assumed default net type '**' in ../user_source/hdl_source/hdmi1.4b_transmitter_core/hdmi_1_4b_transmitter_core_wrapper.enc.v(4936)
HDL-1007 : undeclared symbol '**', assumed default net type '**' in ../user_source/hdl_source/hdmi1.4b_transmitter_core/hdmi_1_4b_transmitter_core_wrapper.enc.v(5989)
HDL-1007 : back to file '../user_source/hdl_source/hdmi1.4b_transmitter_core/hdmi_1_4b_transmitter_core_wrapper.enc.v' in ../user_source/hdl_source/hdmi1.4b_transmitter_core/hdmi_1_4b_transmitter_core_wrapper.enc.v(77)
HDL-1007 : analyze verilog file ../user_source/hdl_source/test/i2s_test_tone_gen_pll.v
HDL-1007 : analyze verilog file ../user_source/hdl_source/rom/i2s_rom_player_single_pll_fix64_rom_ip.v
HDL-1007 : analyze verilog file ../user_source/hdl_source/top_tf_hdmi_audio.v
HDL-1007 : undeclared symbol 'seg_sel', assumed default net type 'wire' in ../user_source/hdl_source/top_tf_hdmi_audio.v(186)
HDL-1007 : undeclared symbol 'seg_data', assumed default net type 'wire' in ../user_source/hdl_source/top_tf_hdmi_audio.v(187)
HDL-1007 : analyze verilog file ../user_source/hdl_source/SD/ax_debounce.v
HDL-1007 : analyze verilog file ../user_source/hdl_source/SD/bmp_read.v
HDL-1007 : analyze verilog file ../user_source/hdl_source/SD/color_bar.v
HDL-1007 : analyze included file ../user_source/hdl_source/SD/video_define.v in ../user_source/hdl_source/SD/color_bar.v(2)
HDL-1007 : back to file '../user_source/hdl_source/SD/color_bar.v' in ../user_source/hdl_source/SD/color_bar.v(2)
HDL-1007 : analyze verilog file ../user_source/hdl_source/SD/frame_fifo_read.v
HDL-1007 : analyze verilog file ../user_source/hdl_source/SD/frame_fifo_write.v
HDL-1007 : analyze verilog file ../user_source/hdl_source/SD/frame_read_write.v
HDL-1007 : analyze verilog file ../user_source/hdl_source/SD/sd_card_bmp.v
HDL-1007 : analyze verilog file ../user_source/hdl_source/SD/seg_decoder.v
HDL-1007 : analyze verilog file ../user_source/hdl_source/SD/seg_scan.v
HDL-1007 : analyze verilog file ../user_source/hdl_source/SD/video_delay.v
HDL-1007 : analyze verilog file ../user_source/hdl_source/SD/video_timing_data.v
HDL-1007 : analyze verilog file ../user_source/hdl_source/hdmi_audio_tone_i2s_64fs.v
HDL-1007 : analyze verilog file ../user_source/hdl_source/startup_pulse.v
HDL-1007 : analyze verilog file ../user_source/hdl_source/video_rgb_to_axis_640x480.v
HDL-1007 : analyze verilog file ../user_source/hdl_source/SD/sd_card_cmd.v
HDL-1007 : analyze verilog file ../user_source/hdl_source/SD/sd_card_sec_read_write.v
HDL-1007 : analyze verilog file ../user_source/hdl_source/SD/sd_card_top.v
HDL-1007 : analyze verilog file ../user_source/hdl_source/SD/spi_master.v
HDL-1007 : analyze verilog file ../user_source/hdl_source/SD/sdram.v
HDL-1007 : analyze included file ../user_source/hdl_source/include/global_def.v in ../user_source/hdl_source/SD/sdram.v(10)
HDL-1007 : back to file '../user_source/hdl_source/SD/sdram.v' in ../user_source/hdl_source/SD/sdram.v(10)
HDL-1007 : undeclared symbol 'SDR_CKE', assumed default net type 'wire' in ../user_source/hdl_source/SD/sdram.v(89)
HDL-1007 : analyze verilog file ../user_source/hdl_source/include/sdr_as_ram.enc.v
HDL-1007 : analyze included file ../user_source/hdl_source/include/global_def.v in ../user_source/hdl_source/include/sdr_as_ram.enc.v(10)
HDL-1007 : back to file '../user_source/hdl_source/include/sdr_as_ram.enc.v' in ../user_source/hdl_source/include/sdr_as_ram.enc.v(10)
HDL-1007 : back to file '../user_source/hdl_source/include/sdr_as_ram.enc.v' in ../user_source/hdl_source/include/sdr_as_ram.enc.v(45)
HDL-1007 : analyze verilog file ../user_source/hdl_source/include/sdr_init_ref.enc.v
HDL-1007 : analyze included file ../user_source/hdl_source/include/global_def.v in ../user_source/hdl_source/include/sdr_init_ref.enc.v(11)
HDL-1007 : back to file '../user_source/hdl_source/include/sdr_init_ref.enc.v' in ../user_source/hdl_source/include/sdr_init_ref.enc.v(11)
HDL-1007 : undeclared symbol '**', assumed default net type '**' in ../user_source/hdl_source/include/sdr_init_ref.enc.v(57)
HDL-1007 : back to file '../user_source/hdl_source/include/sdr_init_ref.enc.v' in ../user_source/hdl_source/include/sdr_init_ref.enc.v(149)
HDL-5007 WARNING: concatenation with an unsized literal will be treated as 32 bits in ../user_source/hdl_source/include/sdr_init_ref.enc.v(47)
HDL-1007 : analyze verilog file ../user_source/hdl_source/include/sdr_wrrd.enc.v
HDL-5007 WARNING: concatenation with an unsized literal will be treated as 32 bits in ../user_source/hdl_source/include/sdr_wrrd.enc.v(283)
HDL-1007 : back to file '../user_source/hdl_source/include/sdr_wrrd.enc.v' in ../user_source/hdl_source/include/sdr_wrrd.enc.v(19)
HDL-1007 : analyze verilog file ../user_source/hdl_source/hdmi_audio_tone_pcm_scale.v
PRJ-1412 : reset_run syn_1 phy_1.
PRJ-1409 : launch_runs syn_1 phy_1  -jobs 6.
PRJ-1410 : Run syn_1 success.
RUN-1002 : start command "save_best_bits"
PRJ-1410 : Run phy_1 success.
PRJ-1424 : The implemented result of phy_1 is saved as best result.
RUN-1002 : start command "import_db C:/Users/zbrmyyds/Desktop/anlu/anlu_exam_title/HDMI1.4b_Transmitter/lab_ex5_i2s/src/td_project/lab_ex5_i2s_v1.0_Runs/phy_1/lab_ex5_i2s_v1.0_pr.db"
RUN-1001 : Importing database generated by Tang Dynasty, V6.2.168116.
RUN-1001 : Database version number 46207
RUN-1001 : Import flow parameters
RUN-1001 : Import netlist
PHY-1001 : Generate detailed routing grids ...
PHY-1001 : End build routing graph; 0.472627s wall, 0.484375s user + 0.046875s system = 0.531250s CPU (112.4%)

PHY-1001 : Build lut bridge;  0.047266s wall, 0.062500s user + 0.000000s system = 0.062500s CPU (132.2%)

PHY-1001 : Generate nets ...
PHY-1001 : net clk_dup_1 will be routed on clock mesh
PHY-1001 : net U3/u2_ram/SDRAM_CLK will be routed on clock mesh
PHY-1001 : net U3/u2_ram/u1_init_ref/Sdr_clk will be routed on clock mesh
PHY-1001 : clock net sd_card_bmp_m0/clk will be merged with clock sys_pll_m0/clk0_buf
PHY-1001 : net u_hdmi_audio_tone_i2s_64fs/I_mclk will be routed on clock mesh
PHY-1001 : clock net u_I2S_receiver/I_clk will be merged with clock video_pll_m0/clk0_buf
PHY-1001 : clock net u_audio_pll/clk0_out will be merged with clock u_audio_pll/clk0_buf
PHY-1001 : net u_hdmi2phy_wrapper/u0_lane_lvds_8_1/I_serial_clk will be routed on clock mesh
PHY-1001 : eco open net = 0
PHY-1001 : 84 feed throughs used by 64 nets
RUN-1001 : Import phy database
RUN-1001 : Import timing constraints
RUN-1001 : Import IO constraints
RUN-1001 : Import Inst constraints
RUN-1001 : Import ChipWatcher
RUN-1001 : Import design success TD_VERSION=6.2.168116 , DB_VERSION=46207
RUN-1003 : finish command "import_db C:/Users/zbrmyyds/Desktop/anlu/anlu_exam_title/HDMI1.4b_Transmitter/lab_ex5_i2s/src/td_project/lab_ex5_i2s_v1.0_Runs/phy_1/lab_ex5_i2s_v1.0_pr.db" in  1.838018s wall, 1.750000s user + 0.328125s system = 2.078125s CPU (113.1%)

RUN-1004 : used memory is 628 MB, reserved memory is 597 MB, peak memory is 692 MB
