============================================================
   Tang Dynasty, V6.2.168116
   Copyright (c) 2012-2025 Anlogic Inc.
   Executable = D:/Tools/Anlogic/TD_6.2/bin/td.exe
   Built at =   16:32:07 Jun 12 2025
   Run by =     zbrmyyds
   Run Date =   Tue Apr 14 10:54:42 2026

   Run on =     LAPTOP-ER898QR8
============================================================
RUN-1002 : start command "import_db C:/Users/zbrmyyds/Desktop/anlu/FPGA_Prj/I2S/transmitor/APUG092_HDMI1.4b_Transmitter_V1.0/src/td_project/HDMI1.4b_Transmitter_v1.0_Runs/phy_1/HDMI1.4b_Transmitter_v1.0_pr.db"
RUN-1001 : Importing database generated by Tang Dynasty, V6.2.168116.
RUN-1001 : Database version number 46207
RUN-1001 : Import flow parameters
RUN-1001 : Import netlist
PHY-1001 : Generate detailed routing grids ...
PHY-1001 : End build routing graph; 2.403336s wall, 2.296875s user + 0.156250s system = 2.453125s CPU (102.1%)

PHY-1001 : Build lut bridge;  0.048148s wall, 0.015625s user + 0.000000s system = 0.015625s CPU (32.5%)

PHY-1001 : Generate nets ...
PHY-1001 : net I_sys_clk_dup_1 will be routed on clock mesh
PHY-1001 : clock net u_I2S_receiver/I_clk will be merged with clock U_pll_hdmi_audio/clk0_buf
PHY-1001 : net u_i2s_rom_player_single_pll_fix64/I_mclk will be routed on clock mesh
PHY-1001 : net u_hdmi2phy_wrapper/u0_lane_lvds_8_1/I_serial_clk will be routed on clock mesh
PHY-1001 : eco open net = 0
PHY-1001 : 23 feed throughs used by 22 nets
RUN-1001 : Import phy database
RUN-1001 : Import timing constraints
RUN-1001 : Import IO constraints
RUN-1001 : Import Inst constraints
RUN-1001 : Import ChipWatcher
RUN-1001 : Import design success TD_VERSION=6.2.168116 , DB_VERSION=46207
RUN-1003 : finish command "import_db C:/Users/zbrmyyds/Desktop/anlu/FPGA_Prj/I2S/transmitor/APUG092_HDMI1.4b_Transmitter_V1.0/src/td_project/HDMI1.4b_Transmitter_v1.0_Runs/phy_1/HDMI1.4b_Transmitter_v1.0_pr.db" in  3.225663s wall, 3.140625s user + 0.218750s system = 3.359375s CPU (104.1%)

RUN-1004 : used memory is 549 MB, reserved memory is 508 MB, peak memory is 604 MB
